Microchip MPLAB XC8 Compiler V3.10

Linker command line:

-W-3 \
  --edf=/home/krubro/.mchp_packs/Microchip/PIC16Fxxx_DFP/1.8.167/xc8/pic/dat/20260422061002_en.msgs \
  -cn \
  -h+/home/krubro/MPLABProjects/Car_Black_Box/out/Car_Black_Box/production/default-production.sym \
  --cmf=/home/krubro/MPLABProjects/Car_Black_Box/out/Car_Black_Box/production/default-production.cmf \
  -z -Q16F877A -o/tmp/xcXeBOhdm/driver_tmp_3.o --defsym=__MPLAB_BUILD=1 \
  --fixupoverflow=error -Mmem.map --md=/tmp/xcXeBOhdm/driver_tmp_0.dat -E1 \
  -ver=XC8 Compiler -ACODE=00h-07FFhx4 -ASTRCODE=00h-01FFFh \
  -ASTRING=00h-0FFhx32 -ACONST=00h-0FFhx32 -AENTRY=00h-0FFhx32 \
  -ACOMMON=070h-07Fh -ABANK0=020h-06Fh -ABANK1=0A0h-0EFh \
  -ABANK2=0110h-016Fh -ABANK3=0190h-01EFh \
  -ARAM=020h-06Fh,0A0h-0EFh,0110h-016Fh,0190h-01EFh \
  -AABS1=020h-07Fh,0A0h-0EFh,0110h-016Fh,0190h-01EFh -ASFR0=00h-01Fh \
  -ASFR1=080h-09Fh -ASFR2=0100h-010Fh -ASFR3=0180h-018Fh \
  -ACONFIG=02007h-02007h -DCONFIG=2 -AIDLOC=02000h-02003h -DIDLOC=2 \
  -AEEDATA=00h-0FFh/02100h -peeprom_data=EEDATA -DEEDATA=2 -DCODE=2 \
  -DSTRCODE=2 -DSTRING=2 -DCONST=2 -DENTRY=2 \
  -preset_vec=00h,intentry=04h,sivt,init,end_init -ppowerup=CODE \
  -pcinit=CODE -pfunctab=ENTRY -k /tmp/xcXeBOhdm/driver_tmp_10.o \
  /home/krubro/MPLABProjects/Car_Black_Box/out/Car_Black_Box/production/default-production.o 

Object code version is 3.11

Machine type is 16F877A



                Name                               Link     Load   Length Selector   Space Scale
/tmp/xcXeBOhdm/driver_tmp_10.o
                end_init                              C        C        3        8       0
                reset_vec                             0        0        3        0       0
                config                             2007     2007        1        0       4
/home/krubro/MPLABProjects/Car_Black_Box/out/Car_Black_Box/production/default-production.o
                cinit                                 F        F       37        8       0
                intentry                              4        4        8        8       0
                config                             2007     2007        1        0       4
                text69                             1FD5     1FD5       2B     3FAA       0
                text68                             1F4B     1F4B       20     3E96       0
                text67                             1E32     1E32       11     3C64       0
                text66                             102F     102F       2F     205E       0
                text65                             1DF9     1DF9        D     3BF2       0
                text64                             1D99     1D99        9     3B32       0
                text63                             1DA2     1DA2        9     3B44       0
                text62                             1EF1     1EF1       1E     3DE2       0
                text61                             105E     105E       2F     20BC       0
                text60                             1E13     1E13        F     3C26       0
                text59                             1167     1167       3B     22CE       0
                text58                             1F0F     1F0F       1E     3E1E       0
                text57                             1DCF     1DCF        A     3B9E       0
                text56                             121A     121A       3E     2434       0
                text55                             108D     108D       2F     211A       0
                text54                             1258     1258       42     24B0       0
                text53                             112D     112D       3A     225A       0
                text52                              94D      94D      11A     129A       0
                text51                             1465     1465       66     28CA       0
                text50                              800      800       48      B52       0
                text49                             1F6B     1F6B       20     3ED6       0
                text48                             1DAB     1DAB        9     3B56       0
                text47                             1004     1004       2B     2008       0
                text46                             1E9F     1E9F       1B     3D3E       0
                text45                             1713     1713       ED     2E26       0
                text44                             1365     1365       4E     26CA       0
                text43                             1DD9     1DD9        A     3BB2       0
                text42                             1ED5     1ED5       1C     3DAA       0
                text41                             1F8B     1F8B       25     3F16       0
                text40                             1DB4     1DB4        9     3B68       0
                text39                               46       46       90        8       0
                text38                             129A     129A       42     2534       0
                text37                             1E43     1E43       15     3C86       0
                text36                             11A2     11A2       3B     2344       0
                text35                             12DC     12DC       43     25B8       0
                text34                              E8C      E8C      174     1D18       0
                text33                             1E58     1E58       17     3CB0       0
                text32                             140A     140A       5B     2814       0
                text31                             1642     1642       D1     2C84       0
                text30                             14CB     14CB       6B     2996       0
                text29                             1D78     1D78        4     3AF0       0
                text28                             1E6F     1E6F       17     3CDE       0
                text27                             10F4     10F4       39     21E8       0
                text26                             11DD     11DD       3D     23BA       0
                text25                             13B3     13B3       57     2766       0
                text24                             1DE3     1DE3        B     3BC6       0
                text23                             1DBD     1DBD        9     3B7A       0
                text22                             1F2D     1F2D       1E     3E5A       0
                text21                             1E22     1E22       10     3C44       0
                text20                             1E86     1E86       19     3D0C       0
                text19                             10BC     10BC       38     2178       0
                text18                             1D7C     1D7C        4     3AF8       0
                text17                              7AB      7AB       55      B52       0
                text16                             1000     1000        4     1D18       0
                text15                             1D80     1D80        5     3B00       0
                text14                             1EBA     1EBA       1B     3D74       0
                text13                              5A9      5A9      202      B52       0
                text12                             1DC6     1DC6        9     3B8C       0
                text11                               D6       D6       2A        8       0
                text10                              BB5      BB5      165     176A       0
                text9                              15B9     15B9       89     2B72       0
                text8                              1E06     1E06        D     3C0C       0
                text7                              1DEE     1DEE        B     3BDC       0
                text6                               848      848      105     1090       0
                text5                              131F     131F       46     263E       0
                text4                              1FB0     1FB0       25     3F60       0
                text3                               A67      A67      14E     14CE       0
                text2                              1D8A     1D8A        7     3B14       0
                text1                              1536     1536       83     2A6C       0
                maintext                            D1A      D1A      172     1A34       0
                cstackBANK0                          20       20       2E       20       1
                cstackCOMMON                         70       70        A       70       1
                clrtext                            1D91     1D91        8     3B22       0
                dataBANK0                            6B       6B        5       20       1
                bssBANK0                             4E       4E       1D       20       1
                dataCOMMON                           7A       7A        2       70       1
                stringtext                          100      100      4A9        2       0
                idataBANK0                         1D85     1D85        5     3B0A       0
                idataCOMMON                        1D76     1D76        2     3AEC       0

TOTAL           Name                               Link     Load   Length     Space
        CLASS   CODE           
                end_init                              C        C        3         0
                cinit                                 F        F       37         0
                intentry                              4        4        8         0
                reset_vec                             0        0        3         0
                text69                             1FD5     1FD5       2B         0
                text68                             1F4B     1F4B       20         0
                text67                             1E32     1E32       11         0
                text66                             102F     102F       2F         0
                text65                             1DF9     1DF9        D         0
                text64                             1D99     1D99        9         0
                text63                             1DA2     1DA2        9         0
                text62                             1EF1     1EF1       1E         0
                text61                             105E     105E       2F         0
                text60                             1E13     1E13        F         0
                text59                             1167     1167       3B         0
                text58                             1F0F     1F0F       1E         0
                text57                             1DCF     1DCF        A         0
                text56                             121A     121A       3E         0
                text55                             108D     108D       2F         0
                text54                             1258     1258       42         0
                text53                             112D     112D       3A         0
                text52                              94D      94D      11A         0
                text51                             1465     1465       66         0
                text50                              800      800       48         0
                text49                             1F6B     1F6B       20         0
                text48                             1DAB     1DAB        9         0
                text47                             1004     1004       2B         0
                text46                             1E9F     1E9F       1B         0
                text45                             1713     1713       ED         0
                text44                             1365     1365       4E         0
                text43                             1DD9     1DD9        A         0
                text42                             1ED5     1ED5       1C         0
                text41                             1F8B     1F8B       25         0
                text40                             1DB4     1DB4        9         0
                text39                               46       46       90         0
                text38                             129A     129A       42         0
                text37                             1E43     1E43       15         0
                text36                             11A2     11A2       3B         0
                text35                             12DC     12DC       43         0
                text34                              E8C      E8C      174         0
                text33                             1E58     1E58       17         0
                text32                             140A     140A       5B         0
                text31                             1642     1642       D1         0
                text30                             14CB     14CB       6B         0
                text29                             1D78     1D78        4         0
                text28                             1E6F     1E6F       17         0
                text27                             10F4     10F4       39         0
                text26                             11DD     11DD       3D         0
                text25                             13B3     13B3       57         0
                text24                             1DE3     1DE3        B         0
                text23                             1DBD     1DBD        9         0
                text22                             1F2D     1F2D       1E         0
                text21                             1E22     1E22       10         0
                text20                             1E86     1E86       19         0
                text19                             10BC     10BC       38         0
                text18                             1D7C     1D7C        4         0
                text17                              7AB      7AB       55         0
                text16                             1000     1000        4         0
                text15                             1D80     1D80        5         0
                text14                             1EBA     1EBA       1B         0
                text13                              5A9      5A9      202         0
                text12                             1DC6     1DC6        9         0
                text11                               D6       D6       2A         0
                text10                              BB5      BB5      165         0
                text9                              15B9     15B9       89         0
                text8                              1E06     1E06        D         0
                text7                              1DEE     1DEE        B         0
                text6                               848      848      105         0
                text5                              131F     131F       46         0
                text4                              1FB0     1FB0       25         0
                text3                               A67      A67      14E         0
                text2                              1D8A     1D8A        7         0
                text1                              1536     1536       83         0
                maintext                            D1A      D1A      172         0
                clrtext                            1D91     1D91        8         0
                idataBANK0                         1D85     1D85        5         0
                idataCOMMON                        1D76     1D76        2         0

        CLASS   STRCODE        
                stringtext                          100      100      4A9         0

        CLASS   STRING         

        CLASS   CONST          

        CLASS   ENTRY          

        CLASS   COMMON         
                cstackCOMMON                         70       70        A         1
                dataCOMMON                           7A       7A        2         1

        CLASS   BANK0          
                cstackBANK0                          20       20       2E         1
                dataBANK0                            6B       6B        5         1
                bssBANK0                             4E       4E       1D         1

        CLASS   BANK1          

        CLASS   BANK2          

        CLASS   BANK3          

        CLASS   RAM            

        CLASS   ABS1           
                abs_s1                               7E       7E        2         1

        CLASS   SFR0           

        CLASS   SFR1           

        CLASS   SFR2           

        CLASS   SFR3           

        CLASS   CONFIG         
                config                             2007     2007        1         4

        CLASS   IDLOC          

        CLASS   EEDATA         

        CLASS   HEAP           

        CLASS   STACK          



SEGMENTS        Name                           Load    Length   Top    Selector   Space  Class     Delta

                text42                         001ED5  00001C  001EF1      3DAA       0  CODE        2
                text14                         001EBA  00001B  001ED5      3D74       0  CODE        2
                text62                         001EF1  00001E  001F0F      3DE2       0  CODE        2
                text22                         001F2D  00001E  001F4B      3E5A       0  CODE        2
                text58                         001F0F  00001E  001F2D      3E1E       0  CODE        2
                text33                         001E58  000017  001E6F      3CB0       0  CODE        2
                text37                         001E43  000015  001E58      3C86       0  CODE        2
                text28                         001E6F  000017  001E86      3CDE       0  CODE        2
                text46                         001E9F  00001B  001EBA      3D3E       0  CODE        2
                text20                         001E86  000019  001E9F      3D0C       0  CODE        2
                text68                         001F4B  000020  001F6B      3E96       0  CODE        2
                text61                         00105E  00002F  00108D      20BC       0  CODE        2
                text66                         00102F  00002F  00105E      205E       0  CODE        2
                text55                         00108D  00002F  0010BC      211A       0  CODE        2
                text27                         0010F4  000039  00112D      21E8       0  CODE        2
                text19                         0010BC  000038  0010F4      2178       0  CODE        2
                text41                         001F8B  000025  001FB0      3F16       0  CODE        2
                text49                         001F6B  000020  001F8B      3ED6       0  CODE        2
                text4                          001FB0  000025  001FD5      3F60       0  CODE        2
                text47                         001004  00002B  00102F      2008       0  CODE        2
                text69                         001FD5  00002B  002000      3FAA       0  CODE        2
                text67                         001E32  000011  001E43      3C64       0  CODE        2
                clrtext                        001D91  000008  001D99      3B22       0  CODE        2
                text2                          001D8A  000007  001D91      3B14       0  CODE        2
                text64                         001D99  000009  001DA2      3B32       0  CODE        2
                text48                         001DAB  000009  001DB4      3B56       0  CODE        2
                text63                         001DA2  000009  001DAB      3B44       0  CODE        2
                text29                         001D78  000004  001D7C      3AF0       0  CODE        2
                idataCOMMON                    001D76  000002  001D78      3AEC       0  CODE        2
                text18                         001D7C  000004  001D80      3AF8       0  CODE        2
                idataBANK0                     001D85  000005  001D8A      3B0A       0  CODE        2
                text15                         001D80  000005  001D85      3B00       0  CODE        2
                text40                         001DB4  000009  001DBD      3B68       0  CODE        2
                text65                         001DF9  00000D  001E06      3BF2       0  CODE        2
                text7                          001DEE  00000B  001DF9      3BDC       0  CODE        2
                text8                          001E06  00000D  001E13      3C0C       0  CODE        2
                text21                         001E22  000010  001E32      3C44       0  CODE        2
                text60                         001E13  00000F  001E22      3C26       0  CODE        2
                text12                         001DC6  000009  001DCF      3B8C       0  CODE        2
                text23                         001DBD  000009  001DC6      3B7A       0  CODE        2
                text57                         001DCF  00000A  001DD9      3B9E       0  CODE        2
                text24                         001DE3  00000B  001DEE      3BC6       0  CODE        2
                text43                         001DD9  00000A  001DE3      3BB2       0  CODE        2
                text53                         00112D  00003A  001167      225A       0  CODE        2
                stringtext                     000100  0004A9  0005A9         2       0  STRCODE     2
                text13                         0005A9  00029F  000848       B52       0  CODE        2
                reset_vec                      000000  000003  000003         0       0  CODE        2
                text34                         000E8C  000178  001004      1D18       0  CODE        2
                cstackBANK0                    000020  000050  000070        20       1  BANK0       1
                cstackCOMMON                   000070  00000C  00007C        70       1  COMMON      1
                intentry                       000004  0000FC  000100         8       0  CODE        2
                maintext                       000D1A  000172  000E8C      1A34       0  CODE        2
                text35                         0012DC  000043  00131F      25B8       0  CODE        2
                text38                         00129A  000042  0012DC      2534       0  CODE        2
                text5                          00131F  000046  001365      263E       0  CODE        2
                text25                         0013B3  000057  00140A      2766       0  CODE        2
                text44                         001365  00004E  0013B3      26CA       0  CODE        2
                text36                         0011A2  00003B  0011DD      2344       0  CODE        2
                text59                         001167  00003B  0011A2      22CE       0  CODE        2
                text26                         0011DD  00003D  00121A      23BA       0  CODE        2
                text54                         001258  000042  00129A      24B0       0  CODE        2
                text56                         00121A  00003E  001258      2434       0  CODE        2
                text32                         00140A  00005B  001465      2814       0  CODE        2
                text6                          000848  000105  00094D      1090       0  CODE        2
                text45                         001713  0000ED  001800      2E26       0  CODE        2
                text52                         00094D  00011A  000A67      129A       0  CODE        2
                text10                         000BB5  000165  000D1A      176A       0  CODE        2
                text3                          000A67  00014E  000BB5      14CE       0  CODE        2
                text30                         0014CB  00006B  001536      2996       0  CODE        2
                text51                         001465  000066  0014CB      28CA       0  CODE        2
                text1                          001536  000083  0015B9      2A6C       0  CODE        2
                text31                         001642  0000D1  001713      2C84       0  CODE        2
                text9                          0015B9  000089  001642      2B72       0  CODE        2


UNUSED ADDRESS RANGES

        Name                Unused          Largest block    Delta
        BANK1            00A0-00EF             50           1
        BANK2            0110-016F             60           1
        BANK3            0190-01EF             60           1
        CODE             0003-0003              1           2
                         1800-1D75            576
        COMMON           007C-007D              2           1
        CONST            0003-0003              1           2
                         1800-1D75            100
        EEDATA           2100-21FF            100           2
        ENTRY            0003-0003              1           2
                         1800-1D75            100
        IDLOC            2000-2003              4           2
        RAM              00A0-00EF             50           1
                         0110-016F             60
                         0190-01EF             60
        SFR0             0000-001F             20           1
        SFR1             0080-009F             20           1
        SFR2             0100-010F             10           1
        SFR3             0180-018F             10           1
        STRCODE          0003-0003              1           2
                         1800-1D75            576
        STRING           0003-0003              1           2
                         1800-1D75            100

                                  Symbol Table

?___lldiv                           cstackBANK0  002C
?___lmul                            cstackBANK0  0020
?___lwdiv                           cstackCOMMON 0072
?___lwmod                           cstackBANK0  0020
?___wmul                            cstackCOMMON 0072
?_gear_label                        cstackCOMMON 0072
?_i2c_write                         cstackCOMMON 0072
?_pass_match                        cstackCOMMON 0072
?_read_adc                          cstackCOMMON 0072
_ACKDT                              (abs)        048D
_ACKEN                              (abs)        048C
_ACKSTAT                            (abs)        048E
_ADCON0                             (abs)        001F
_ADCS0                              (abs)        00FE
_ADCS1                              (abs)        00FF
_ADCS2                              (abs)        04FE
_ADFM                               (abs)        04FF
_ADON                               (abs)        00F8
_ADRESH                             (abs)        001E
_ADRESL                             (abs)        009E
_BRGH                               (abs)        04C2
_CHS0                               (abs)        00FB
_CHS1                               (abs)        00FC
_CHS2                               (abs)        00FD
_CREN                               (abs)        00C4
_FERR                               (abs)        00C2
_GIE                                (abs)        005F
_GO                                 (abs)        00FA
_OERR                               (abs)        00C1
_OPTION_REG                         (abs)        0081
_PCFG0                              (abs)        04F8
_PCFG1                              (abs)        04F9
_PCFG2                              (abs)        04FA
_PCFG3                              (abs)        04FB
_PEIE                               (abs)        005E
_PEN                                (abs)        048A
_PORTB                              (abs)        0006
_PORTD                              (abs)        0008
_RCEN                               (abs)        048B
_RCIF                               (abs)        0065
_RCREG                              (abs)        001A
_RE1                                (abs)        0049
_RE2                                (abs)        004A
_RSEN                               (abs)        0489
_R_nW                               (abs)        04A2
_SEN                                (abs)        0488
_SPBRG                              (abs)        0099
_SPEN                               (abs)        00C7
_SSPADD                             (abs)        0093
_SSPBUF                             (abs)        0013
_SSPCON2                            (abs)        0091
_SSPEN                              (abs)        00A5
_SSPM0                              (abs)        00A0
_SSPM1                              (abs)        00A1
_SSPM2                              (abs)        00A2
_SSPM3                              (abs)        00A3
_SYNC                               (abs)        04C4
_T1CON                              (abs)        0010
_TMR0                               (abs)        0001
_TMR0IE                             (abs)        005D
_TMR0IF                             (abs)        005A
_TMR1H                              (abs)        000F
_TMR1IE                             (abs)        0460
_TMR1IF                             (abs)        0060
_TMR1L                              (abs)        000E
_TRISB                              (abs)        0086
_TRISC3                             (abs)        043B
_TRISC4                             (abs)        043C
_TRISD                              (abs)        0088
_TRISE1                             (abs)        0449
_TRISE2                             (abs)        044A
_TXEN                               (abs)        04C5
_TXIF                               (abs)        0064
_TXREG                              (abs)        0019
__H__absolute__                     __absolute__ 0000
__Habs1                             abs1         0000
__Hbank0                            bank0        0000
__Hbank1                            bank1        0000
__Hbank2                            bank2        0000
__Hbank3                            bank3        0000
__HbssBANK0                         bssBANK0     0000
__Hcinit                            cinit        0046
__Hclrtext                          clrtext      0000
__Hcode                             code         0000
__Hcommon                           common       0000
__Hconfig                           config       2008
__HcstackBANK0                      cstackBANK0  0000
__HcstackCOMMON                     cstackCOMMON 0000
__HdataBANK0                        dataBANK0    0000
__HdataCOMMON                       dataCOMMON   0000
__Heeprom_data                      eeprom_data  0000
__Hend_init                         end_init     000F
__Hfunctab                          functab      0000
__Hheap                             heap         0000
__HidataBANK0                       idataBANK0   0000
__HidataCOMMON                      idataCOMMON  0000
__Hinit                             init         000C
__Hintentry                         intentry     000C
__Hmaintext                         maintext     0000
__Hpowerup                          powerup      0000
__Hram                              ram          0000
__Hreset_vec                        reset_vec    0003
__Hsfr0                             sfr0         0000
__Hsfr1                             sfr1         0000
__Hsfr2                             sfr2         0000
__Hsfr3                             sfr3         0000
__Hsivt                             sivt         000C
__Hspace_0                          (abs)        2000
__Hspace_1                          (abs)        007C
__Hspace_2                          (abs)        0000
__Hspace_3                          (abs)        0000
__Hspace_4                          (abs)        400F
__Hstack                            stack        0000
__Hstrings                          strings      0000
__Hstringtext                       stringtext   0000
__Htext                             text         0000
__L__absolute__                     __absolute__ 0000
__Labs1                             abs1         0000
__Lbank0                            bank0        0000
__Lbank1                            bank1        0000
__Lbank2                            bank2        0000
__Lbank3                            bank3        0000
__LbssBANK0                         bssBANK0     0000
__Lcinit                            cinit        000F
__Lclrtext                          clrtext      0000
__Lcode                             code         0000
__Lcommon                           common       0000
__Lconfig                           config       0000
__LcstackBANK0                      cstackBANK0  0000
__LcstackCOMMON                     cstackCOMMON 0000
__LdataBANK0                        dataBANK0    0000
__LdataCOMMON                       dataCOMMON   0000
__Leeprom_data                      eeprom_data  0000
__Lend_init                         end_init     000C
__Lfunctab                          functab      0000
__Lheap                             heap         0000
__LidataBANK0                       idataBANK0   0000
__LidataCOMMON                      idataCOMMON  0000
__Linit                             init         000C
__Lintentry                         intentry     0004
__Lmaintext                         maintext     0000
__Lpowerup                          powerup      0000
__Lram                              ram          0000
__Lreset_vec                        reset_vec    0000
__Lsfr0                             sfr0         0000
__Lsfr1                             sfr1         0000
__Lsfr2                             sfr2         0000
__Lsfr3                             sfr3         0000
__Lsivt                             sivt         000C
__Lspace_0                          (abs)        0000
__Lspace_1                          (abs)        0000
__Lspace_2                          (abs)        0000
__Lspace_3                          (abs)        0000
__Lspace_4                          (abs)        0000
__Lstack                            stack        0000
__Lstrings                          strings      0000
__Lstringtext                       stringtext   0000
__Ltext                             text         0000
__S0                                (abs)        2000
__S1                                (abs)        007C
__S3                                (abs)        0000
___heap_hi                          (abs)        0000
___heap_lo                          (abs)        0000
___int_sp                           stack        0000
___int_stack_hi                     stack        0000
___int_stack_lo                     stack        0000
___latbits                          (abs)        0002
___lldiv                            text51       1465
___lldiv@counter                    cstackBANK0  0038
___lldiv@dividend                   cstackBANK0  0030
___lldiv@divisor                    cstackBANK0  002C
___lldiv@quotient                   cstackBANK0  0034
___lmul                             text50       0800
___lmul@multiplicand                cstackBANK0  0024
___lmul@multiplier                  cstackBANK0  0020
___lmul@product                     cstackBANK0  0028
___lwdiv                            text54       1258
___lwdiv@counter                    cstackCOMMON 0078
___lwdiv@dividend                   cstackCOMMON 0074
___lwdiv@divisor                    cstackCOMMON 0072
___lwdiv@quotient                   cstackCOMMON 0076
___lwmod                            text53       112D
___lwmod@counter                    cstackCOMMON 0079
___lwmod@dividend                   cstackBANK0  0022
___lwmod@divisor                    cstackBANK0  0020
___sp                               stack        0000
___stack_hi                         stack        0000
___stack_lo                         stack        0000
___stackhi                          (abs)        0000
___stacklo                          (abs)        0000
___wmul                             text41       1F8B
___wmul@multiplicand                cstackCOMMON 0074
___wmul@multiplier                  cstackCOMMON 0072
___wmul@product                     cstackCOMMON 0076
__end_of___lldiv                    text51       14CB
__end_of___lmul                     text50       0848
__end_of___lwdiv                    text54       129A
__end_of___lwmod                    text53       1167
__end_of___wmul                     text41       1FB0
__end_of__initialization            cinit        0042
__end_of__stringtab                 stringtext   0112
__end_of_ack_poll                   text61       108D
__end_of_bcd_to_ascii               text33       1E6F
__end_of_clcd_clear                 text67       1E43
__end_of_clcd_print                 text66       105E
__end_of_clcd_putch                 text37       1E58
__end_of_clcd_write                 text68       1F6B
__end_of_clear_logs                 text55       10BC
__end_of_dashboard_render           text52       0A67
__end_of_dashboard_update           text45       1800
__end_of_destinations               stringtext   013F
__end_of_do_logout                  text8        1E13
__end_of_download_logs              text34       1000
__end_of_ds1307_i2c_read            text47       102F
__end_of_ds1307_i2c_write           text22       1F4B
__end_of_eeprom_clear_log           text58       1F2D
__end_of_eeprom_get_entry_count     text42       1EF1
__end_of_eeprom_read_byte           text44       13B3
__end_of_eeprom_read_log            text39       00D6
__end_of_eeprom_write_byte          text59       11A2
__end_of_eeprom_write_log           text30       1536
__end_of_gear_label                 text38       12DC
__end_of_gear_labels                stringtext   013A
__end_of_get_device_addr            text60       1E22
__end_of_get_status                 text29       1D7C
__end_of_i2c_read                   text49       1F8B
__end_of_i2c_repeat_start           text48       1DB4
__end_of_i2c_start                  text64       1DA2
__end_of_i2c_stop                   text63       1DAB
__end_of_i2c_wait_for_idle          text65       1E06
__end_of_i2c_write                  text62       1F0F
__end_of_initADC                    text28       1E86
__end_of_initI2C                    text27       112D
__end_of_initUART                   text26       121A
__end_of_init_clcd                  text24       1DEE
__end_of_init_config                text19       10F4
__end_of_init_digital_keypad        text23       1DC6
__end_of_init_display_controller    text25       140A
__end_of_init_rtc                   text21       1E32
__end_of_init_timers                text20       1E9F
__end_of_invalidate_dashboard_cache text12       1DCF
__end_of_is_logged_in               text18       1D80
__end_of_isr                        text69       2000
__end_of_labels                     stringtext   012E
__end_of_lockout_durations          stringtext   0148
__end_of_log_entry_from_sys         text17       0800
__end_of_login_render               text13       07AB
__end_of_login_reset                text14       1ED5
__end_of_login_update               text10       0D1A
__end_of_main                       maintext     0E8C
__end_of_menu_render                text9        1642
__end_of_menu_reset                 text7        1DF9
__end_of_menu_update                text6        094D
__end_of_my_pass                    stringtext   0144
__end_of_pass_match                 text11       0100
__end_of_print_two_digits           text36       11DD
__end_of_read_adc                   text46       1EBA
__end_of_read_count                 text43       1DE3
__end_of_read_digital_keypad        text5        1365
__end_of_read_head                  text40       1DBD
__end_of_reset_blink_tick           text16       1004
__end_of_reset_timeout_tick         text15       1D85
__end_of_set_status                 text35       131F
__end_of_speed_to_ascii             text32       1465
__end_of_state_names                stringtext   0122
__end_of_translate_key              text4        1FD5
__end_of_uart_putchar               text57       1DD9
__end_of_uart_puts                  text56       1258
__end_of_view_logs_render           text3        0BB5
__end_of_view_logs_reset            text2        1D91
__end_of_view_logs_update           text1        15B9
__end_of_write_slot                 text31       1713
__initialization                    cinit        000F
__pbssBANK0                         bssBANK0     004E
__pcstackBANK0                      cstackBANK0  0020
__pcstackCOMMON                     cstackCOMMON 0070
__pdataBANK0                        dataBANK0    006B
__pdataCOMMON                       dataCOMMON   007A
__pidataBANK0                       idataBANK0   1D85
__pidataCOMMON                      idataCOMMON  1D76
__pintentry                         intentry     0004
__pmaintext                         maintext     0D1A
__pstringtext                       stringtext   0100
__ptext1                            text1        1536
__ptext10                           text10       0BB5
__ptext11                           text11       00D6
__ptext12                           text12       1DC6
__ptext13                           text13       05A9
__ptext14                           text14       1EBA
__ptext15                           text15       1D80
__ptext16                           text16       1000
__ptext17                           text17       07AB
__ptext18                           text18       1D7C
__ptext19                           text19       10BC
__ptext2                            text2        1D8A
__ptext20                           text20       1E86
__ptext21                           text21       1E22
__ptext22                           text22       1F2D
__ptext23                           text23       1DBD
__ptext24                           text24       1DE3
__ptext25                           text25       13B3
__ptext26                           text26       11DD
__ptext27                           text27       10F4
__ptext28                           text28       1E6F
__ptext29                           text29       1D78
__ptext3                            text3        0A67
__ptext30                           text30       14CB
__ptext31                           text31       1642
__ptext32                           text32       140A
__ptext33                           text33       1E58
__ptext34                           text34       0E8C
__ptext35                           text35       12DC
__ptext36                           text36       11A2
__ptext37                           text37       1E43
__ptext38                           text38       129A
__ptext39                           text39       0046
__ptext4                            text4        1FB0
__ptext40                           text40       1DB4
__ptext41                           text41       1F8B
__ptext42                           text42       1ED5
__ptext43                           text43       1DD9
__ptext44                           text44       1365
__ptext45                           text45       1713
__ptext46                           text46       1E9F
__ptext47                           text47       1004
__ptext48                           text48       1DAB
__ptext49                           text49       1F6B
__ptext5                            text5        131F
__ptext50                           text50       0800
__ptext51                           text51       1465
__ptext52                           text52       094D
__ptext53                           text53       112D
__ptext54                           text54       1258
__ptext55                           text55       108D
__ptext56                           text56       121A
__ptext57                           text57       1DCF
__ptext58                           text58       1F0F
__ptext59                           text59       1167
__ptext6                            text6        0848
__ptext60                           text60       1E13
__ptext61                           text61       105E
__ptext62                           text62       1EF1
__ptext63                           text63       1DA2
__ptext64                           text64       1D99
__ptext65                           text65       1DF9
__ptext66                           text66       102F
__ptext67                           text67       1E32
__ptext68                           text68       1F4B
__ptext69                           text69       1FD5
__ptext7                            text7        1DEE
__ptext8                            text8        1E06
__ptext9                            text9        15B9
__stringbase                        stringtext   0112
__stringtab                         stringtext   0100
_ack_poll                           text61       105E
_bcd_to_ascii                       text33       1E58
_blink_tick                         bssBANK0     0068
_clcd_clear                         text67       1E32
_clcd_print                         text66       102F
_clcd_putch                         text37       1E43
_clcd_write                         text68       1F4B
_clear_logs                         text55       108D
_cooldown_ticks                     bssBANK0     0062
_current_state                      bssBANK0     005E
_cursor_visible                     bssBANK0     0064
_dashboard_render                   text52       094D
_dashboard_update                   text45       1713
_destinations                       stringtext   013A
_digit_count                        bssBANK0     0065
_do_logout                          text8        1E06
_download_logs                      text34       0E8C
_ds1307_i2c_read                    text47       1004
_ds1307_i2c_write                   text22       1F2D
_eeprom_clear_log                   text58       1F0F
_eeprom_get_entry_count             text42       1ED5
_eeprom_get_entry_count$293         cstackBANK0  0025
_eeprom_read_byte                   text44       1365
_eeprom_read_log                    text39       0046
_eeprom_write_byte                  text59       1167
_eeprom_write_log                   text30       14CB
_empty_shown                        bssBANK0     005C
_entered                            bssBANK0     0055
_fail_count                         bssBANK0     0066
_gear_label                         text38       129A
_gear_labels                        stringtext   012E
_get_device_addr                    text60       1E13
_get_status                         text29       1D78
_i2c_read                           text49       1F6B
_i2c_repeat_start                   text48       1DAB
_i2c_start                          text64       1D99
_i2c_stop                           text63       1DA2
_i2c_wait_for_idle                  text65       1DF9
_i2c_write                          text62       1EF1
_initADC                            text28       1E6F
_initI2C                            text27       10F4
_initUART                           text26       11DD
_init_clcd                          text24       1DE3
_init_config                        text19       10BC
_init_digital_keypad                text23       1DBD
_init_display_controller            text25       13B3
_init_rtc                           text21       1E22
_init_timers                        text20       1E86
_invalidate_dashboard_cache         text12       1DC6
_is_logged_in                       text18       1D7C
_isr                                text69       1FD5
_labels                             stringtext   0122
_last_drawn                         dataCOMMON   007A
_lockout_durations                  stringtext   0144
_lockout_secs_remaining             bssBANK0     0061
_log_entry_from_sys                 text17       07AB
_log_index                          bssBANK0     005D
_logged_in_flag                     bssBANK0     0060
_login_render                       text13       05A9
_login_render$403                   cstackBANK0  002F
_login_reset                        text14       1EBA
_login_update                       text10       0BB5
_login_update$372                   cstackBANK0  002D
_login_update$377                   cstackBANK0  002F
_main                               maintext     0D1A
_menu_render                        text9        15B9
_menu_reset                         text7        1DEE
_menu_update                        text6        0848
_my_pass                            stringtext   013F
_nDONE                              (abs)        00FA
_needs_draw                         dataBANK0    006B
_pass_match                         text11       00D6
_phase                              bssBANK0     0067
_prev_flags_render                  dataBANK0    006D
_prev_gear_render                   dataBANK0    006E
_prev_speed                         dataBANK0    006F
_print_two_digits                   text36       11A2
_read_adc                           text46       1E9F
_read_count                         text43       1DD9
_read_digital_keypad                text5        131F
_read_head                          text40       1DB4
_reset_blink_tick                   text16       1000
_reset_timeout_tick                 text15       1D80
_screen_ready                       bssBANK0     0063
_selection                          bssBANK0     005F
_set_status                         text35       12DC
_speed_to_ascii                     text32       140A
_state_names                        stringtext   0112
_sys                                bssBANK0     004E
_timeout_tick                       bssBANK0     005A
_translate_key                      text4        1FB0
_uart_putchar                       text57       1DCF
_uart_puts                          text56       121A
_view_logs_render                   text3        0A67
_view_logs_reset                    text2        1D8A
_view_logs_update                   text1        1536
_write_slot                         text31       1642
_write_slot$271                     cstackBANK0  003E
ack_poll@attempts                   cstackCOMMON 0079
ack_poll@dev_addr                   cstackCOMMON 0078
bcd_to_ascii@bcd                    cstackCOMMON 0075
bcd_to_ascii@hi                     cstackCOMMON 0072
bcd_to_ascii@lo                     cstackCOMMON 0073
btemp                               (abs)        007E
btemp0                              (abs)        007E
btemp1                              (abs)        007F
clcd_print@addr                     cstackCOMMON 0078
clcd_print@str                      cstackCOMMON 0076
clcd_putch@addr                     cstackBANK0  0024
clcd_putch@data                     cstackBANK0  0025
clcd_write@byte                     cstackCOMMON 0075
clcd_write@mode                     cstackCOMMON 0072
clear_ram0                          clrtext      1D91
dashboard_render@speed_buf          cstackBANK0  0030
dashboard_render@time_buf           cstackBANK0  0027
dashboard_update@evt                cstackBANK0  003D
dashboard_update@prev_flags_uart    bssBANK0     006A
dashboard_update@prev_gear_uart     bssBANK0     0069
download_logs@buf                   cstackBANK0  0035
download_logs@count                 cstackBANK0  0043
download_logs@gl                    cstackBANK0  0041
download_logs@k                     cstackBANK0  0044
ds1307_i2c_read@address             cstackCOMMON 0077
ds1307_i2c_read@data                cstackCOMMON 0078
ds1307_i2c_write@address            cstackCOMMON 0077
ds1307_i2c_write@data               cstackCOMMON 0078
eeprom_get_entry_count@count        cstackBANK0  0027
eeprom_read_byte@addr               cstackCOMMON 0077
eeprom_read_byte@data               cstackBANK0  0020
eeprom_read_byte@dev_r              cstackBANK0  0022
eeprom_read_byte@dev_w              cstackBANK0  0021
eeprom_read_log@addr                cstackBANK0  002A
eeprom_read_log@buf                 cstackBANK0  0024
eeprom_read_log@count               cstackBANK0  002F
eeprom_read_log@head                cstackBANK0  002E
eeprom_read_log@i                   cstackBANK0  0030
eeprom_read_log@index               cstackBANK0  0029
eeprom_read_log@oldest              cstackBANK0  002C
eeprom_read_log@slot                cstackBANK0  002D
eeprom_write_byte@addr              cstackBANK0  0020
eeprom_write_byte@data              cstackBANK0  0022
eeprom_write_byte@dev               cstackBANK0  0023
eeprom_write_log@count              cstackBANK0  0043
eeprom_write_log@entry              cstackBANK0  0041
eeprom_write_log@head               cstackBANK0  0044
end_of_initialization               cinit        0042
gear_label@g                        cstackCOMMON 0074
get_device_addr@addr                cstackCOMMON 0072
get_device_addr@base                cstackCOMMON 0074
i2c_read@ack                        cstackCOMMON 0072
i2c_read@data                       cstackCOMMON 0073
i2c_write@data                      cstackCOMMON 0076
initI2C@baud                        cstackBANK0  0039
initUART@baud                       cstackBANK0  0039
init_rtc@sec_reg                    cstackCOMMON 0079
interrupt_function                  intentry     0004
intlevel0                           functab      0000
intlevel1                           functab      0000
intlevel2                           functab      0000
intlevel3                           functab      0000
intlevel4                           functab      0000
intlevel5                           functab      0000
log_entry_from_sys@e                cstackCOMMON 0072
login_render@k                      cstackBANK0  0031
login_render@last_shown             dataBANK0    006C
login_render@tries_left             cstackBANK0  002E
login_update@dur                    cstackBANK0  0032
login_update@elapsed                cstackBANK0  0031
login_update@evt                    cstackBANK0  0033
ltemp0a                             (abs)        0080
main@evt                            cstackBANK0  004D
main@pending_entry                  cstackBANK0  0047
menu_update@evt                     cstackBANK0  002E
pass_match@k                        cstackCOMMON 0075
print_two_digits@addr               cstackBANK0  0026
print_two_digits@val                cstackBANK0  0029
read_adc@channel                    cstackCOMMON 0075
read_digital_keypad@i               cstackCOMMON 0074
read_digital_keypad@once            dataCOMMON   007B
read_digital_keypad@trigger_method  cstackCOMMON 0073
reset_vec                           reset_vec    0000
saved_w                             (abs)        007E
set_status@new_state                cstackBANK0  002A
speed_to_ascii@h                    cstackBANK0  0024
speed_to_ascii@spd                  cstackBANK0  0029
speed_to_ascii@t                    cstackBANK0  0025
speed_to_ascii@u                    cstackBANK0  0026
start                               init         000C
start_initialization                cinit        000F
translate_key@key                   cstackCOMMON 0076
ttemp0a                             (abs)        007F
uart_putchar@ch                     cstackBANK0  0024
uart_puts@str                       cstackBANK0  0025
view_logs_render@buf                cstackBANK0  0035
view_logs_render@count              cstackBANK0  0043
view_logs_render@gl                 cstackBANK0  0041
view_logs_update@count              cstackBANK0  002D
view_logs_update@evt                cstackBANK0  002E
write_slot@addr                     cstackBANK0  003C
write_slot@entry                    cstackBANK0  002A
write_slot@i                        cstackBANK0  0040
write_slot@rec                      cstackBANK0  0031
write_slot@slot_index               cstackBANK0  0030
wtemp0                              (abs)        007E
wtemp0a                             (abs)        007F


MODULE INFORMATION

Module		Function		Class		Link	Load	Size
/home/krubro/MPLABProjects/Car_Black_Box/timer.c
		_reset_timeout_tick		CODE           	1D80	0000	5
		_reset_blink_tick		CODE           	1000	0000	4
		_init_timers   		CODE           	1E86	0000	25
		_isr           		CODE           	1FD5	0000	43

/home/krubro/MPLABProjects/Car_Black_Box/timer.c estimated size: 77

/home/krubro/MPLABProjects/Car_Black_Box/login.c
		_login_reset   		CODE           	1EBA	0000	27
		_login_render  		CODE           	05A9	0000	514
		_login_update  		CODE           	0BB5	0000	357
		_is_logged_in  		CODE           	1D7C	0000	4
		_pass_match    		CODE           	00D6	0000	42
		_do_logout     		CODE           	1E06	0000	13

/home/krubro/MPLABProjects/Car_Black_Box/login.c estimated size: 957

/home/krubro/MPLABProjects/Car_Black_Box/main.c
		_log_entry_from_sys		CODE           	07AB	0000	85
		_main          		CODE           	0D1A	0000	370
		_init_config   		CODE           	10BC	0000	56

/home/krubro/MPLABProjects/Car_Black_Box/main.c estimated size: 511

/home/krubro/MPLABProjects/Car_Black_Box/state.c
		_set_status    		CODE           	12DC	0000	67
		_get_status    		CODE           	1D78	0000	4

/home/krubro/MPLABProjects/Car_Black_Box/state.c estimated size: 71

/opt/microchip/xc8/v3.10/pic/sources/c99/common/lwmod.c
		___lwmod       		CODE           	112D	0000	58

/opt/microchip/xc8/v3.10/pic/sources/c99/common/lwmod.c estimated size: 58

/home/krubro/MPLABProjects/Car_Black_Box/view_logs.c
		_view_logs_update		CODE           	1536	0000	131
		_view_logs_render		CODE           	0A67	0000	334
		_print_two_digits		CODE           	11A2	0000	59
		_gear_label    		CODE           	129A	0000	66
		_view_logs_reset		CODE           	1D8A	0000	7
		_clear_logs    		CODE           	108D	0000	47
		_download_logs 		CODE           	0E8C	0000	372

/home/krubro/MPLABProjects/Car_Black_Box/view_logs.c estimated size: 1016

/home/krubro/MPLABProjects/Car_Black_Box/eeprom.c
		_read_count    		CODE           	1DD9	0000	10
		_eeprom_write_log		CODE           	14CB	0000	107
		_eeprom_clear_log		CODE           	1F0F	0000	30
		_eeprom_read_byte		CODE           	1365	0000	78
		_eeprom_write_byte		CODE           	1167	0000	59
		_get_device_addr		CODE           	1E13	0000	15
		_bcd_to_ascii  		CODE           	1E58	0000	23
		_eeprom_read_log		CODE           	0046	0000	144
		_write_slot    		CODE           	1642	0000	209
		_speed_to_ascii		CODE           	140A	0000	91
		_ack_poll      		CODE           	105E	0000	47
		_read_head     		CODE           	1DB4	0000	9
		_eeprom_get_entry_count		CODE           	1ED5	0000	28

/home/krubro/MPLABProjects/Car_Black_Box/eeprom.c estimated size: 850

/home/krubro/MPLABProjects/Car_Black_Box/dashboard.c
		_dashboard_update		CODE           	1713	0000	237
		_dashboard_render		CODE           	094D	0000	282
		_invalidate_dashboard_cache		CODE           	1DC6	0000	9

/home/krubro/MPLABProjects/Car_Black_Box/dashboard.c estimated size: 528

/opt/microchip/xc8/v3.10/pic/sources/c99/common/Umul16.c
		___wmul        		CODE           	1F8B	0000	37

/opt/microchip/xc8/v3.10/pic/sources/c99/common/Umul16.c estimated size: 37

shared
		__stringtab    		STRCODE        	0100	0000	18
		_labels        		STRCODE        	0122	0000	12
		__initialization		CODE           	000F	0000	51
		_gear_labels   		STRCODE        	012E	0000	12
		_lockout_durations		STRCODE        	0144	0000	4
		_state_names   		STRCODE        	0112	0000	16
		_my_pass       		STRCODE        	013F	0000	5
		_destinations  		STRCODE        	013A	0000	5

shared estimated size: 123

/opt/microchip/xc8/v3.10/pic/sources/c99/common/lwdiv.c
		___lwdiv       		CODE           	1258	0000	66

/opt/microchip/xc8/v3.10/pic/sources/c99/common/lwdiv.c estimated size: 66

/home/krubro/MPLABProjects/Car_Black_Box/menu.c
		_menu_reset    		CODE           	1DEE	0000	11
		_menu_render   		CODE           	15B9	0000	137
		_menu_update   		CODE           	0848	0000	261

/home/krubro/MPLABProjects/Car_Black_Box/menu.c estimated size: 409

/home/krubro/MPLABProjects/Car_Black_Box/blackbox_drivers.c
		_clcd_clear    		CODE           	1E32	0000	17
		_clcd_write    		CODE           	1F4B	0000	32
		_i2c_start     		CODE           	1D99	0000	9
		_ds1307_i2c_read		CODE           	1004	0000	43
		_i2c_repeat_start		CODE           	1DAB	0000	9
		_init_rtc      		CODE           	1E22	0000	16
		_initUART      		CODE           	11DD	0000	61
		_clcd_print    		CODE           	102F	0000	47
		_i2c_write     		CODE           	1EF1	0000	30
		_uart_puts     		CODE           	121A	0000	62
		_clcd_putch    		CODE           	1E43	0000	21
		_init_display_controller		CODE           	13B3	0000	87
		_initADC       		CODE           	1E6F	0000	23
		_uart_putchar  		CODE           	1DCF	0000	10
		_read_adc      		CODE           	1E9F	0000	27
		_i2c_stop      		CODE           	1DA2	0000	9
		_init_clcd     		CODE           	1DE3	0000	11
		_ds1307_i2c_write		CODE           	1F2D	0000	30
		_i2c_read      		CODE           	1F6B	0000	32
		_init_digital_keypad		CODE           	1DBD	0000	9
		_initI2C       		CODE           	10F4	0000	57
		_i2c_wait_for_idle		CODE           	1DF9	0000	13
		_read_digital_keypad		CODE           	131F	0000	70

/home/krubro/MPLABProjects/Car_Black_Box/blackbox_drivers.c estimated size: 725

/opt/microchip/xc8/v3.10/pic/sources/c99/common/Umul32.c
		___lmul        		CODE           	0800	0000	72

/opt/microchip/xc8/v3.10/pic/sources/c99/common/Umul32.c estimated size: 72

/opt/microchip/xc8/v3.10/pic/sources/c99/common/__lldiv.c
		___lldiv       		CODE           	1465	0000	102

/opt/microchip/xc8/v3.10/pic/sources/c99/common/__lldiv.c estimated size: 102

/home/krubro/MPLABProjects/Car_Black_Box/events.c
		_translate_key 		CODE           	1FB0	0000	37

/home/krubro/MPLABProjects/Car_Black_Box/events.c estimated size: 37

