Microchip MPLAB XC8 Compiler V3.10

Linker command line:

-W-3 \
  --edf=/home/krubro/.mchp_packs/Microchip/PIC16Fxxx_DFP/1.8.167/xc8/pic/dat/20260422061002_en.msgs \
  -cn \
  -h+/home/krubro/MPLABProjects/Car_Black_Box/out/Car_Black_Box/production/default-production.sym \
  --cmf=/home/krubro/MPLABProjects/Car_Black_Box/out/Car_Black_Box/production/default-production.cmf \
  -z -Q16F877A -o/tmp/xcXGIPHFP/driver_tmp_3.o --defsym=__MPLAB_BUILD=1 \
  --fixupoverflow=error -Mmem.map --md=/tmp/xcXGIPHFP/driver_tmp_0.dat -E1 \
  -ver=XC8 Compiler -ACODE=00h-07FFhx4 -ASTRCODE=00h-01FFFh \
  -ASTRING=00h-0FFhx32 -ACONST=00h-0FFhx32 -AENTRY=00h-0FFhx32 \
  -ACOMMON=070h-07Fh -ABANK0=020h-06Fh -ABANK1=0A0h-0EFh \
  -ABANK2=0110h-016Fh -ABANK3=0190h-01EFh \
  -ARAM=020h-06Fh,0A0h-0EFh,0110h-016Fh,0190h-01EFh \
  -AABS1=020h-07Fh,0A0h-0EFh,0110h-016Fh,0190h-01EFh -ASFR0=00h-01Fh \
  -ASFR1=080h-09Fh -ASFR2=0100h-010Fh -ASFR3=0180h-018Fh \
  -ACONFIG=02007h-02007h -DCONFIG=2 -AIDLOC=02000h-02003h -DIDLOC=2 \
  -AEEDATA=00h-0FFh/02100h -peeprom_data=EEDATA -DEEDATA=2 -DCODE=2 \
  -DSTRCODE=2 -DSTRING=2 -DCONST=2 -DENTRY=2 \
  -preset_vec=00h,intentry=04h,sivt,init,end_init -ppowerup=CODE \
  -pcinit=CODE -pfunctab=ENTRY -k /tmp/xcXGIPHFP/driver_tmp_10.o \
  /home/krubro/MPLABProjects/Car_Black_Box/out/Car_Black_Box/production/default-production.o 

Object code version is 3.11

Machine type is 16F877A



                Name                               Link     Load   Length Selector   Space Scale
/tmp/xcXGIPHFP/driver_tmp_10.o
                end_init                              C        C        3        8       0
                reset_vec                             0        0        3        0       0
                config                             2007     2007        1        0       4
/home/krubro/MPLABProjects/Car_Black_Box/out/Car_Black_Box/production/default-production.o
                cinit                                 F        F       4B        8       0
                intentry                              4        4        8        8       0
                config                             2007     2007        1        0       4
                text82                             1CF2     1CF2       24     39E4       0
                text81                             1C51     1C51       1F     38A2       0
                text80                             1AD7     1AD7       11     35AE       0
                text79                             1D8F     1D8F       2C     3B1E       0
                text78                             1A86     1A86        9     350C       0
                text77                             1A3F     1A3F        5     347E       0
                text76                             1A44     1A44        5     3488       0
                text75                             1B8F     1B8F       19     371E       0
                text74                             1D3B     1D3B       29     3A76       0
                text73                             1AAA     1AAA        F     3554       0
                text72                             1E19     1E19       31     3C32       0
                text71                             1BA8     1BA8       19     3750       0
                text70                             1A4E     1A4E        6     349C       0
                text69                             1EAD     1EAD       33     3D5A       0
                text68                             1D64     1D64       2B     3AC8       0
                text67                             1C70     1C70       1F     38E0       0
                text66                             1C8F     1C8F       1F     391E       0
                text65                             1467     1467       CF     28CE       0
                text64                              808      808       5C     1010       0
                text63                             1FC1     1FC1       3F     3F82       0
                text62                             1BC1     1BC1       1C     3782       0
                text61                             1A49     1A49        5     3492       0
                text60                               D6       D6       29        8       0
                text59                             1B35     1B35       16     366A       0
                text58                             12F1     12F1       B8     25E2       0
                text57                             1F4C     1F4C       3A     3E98       0
                text56                             1057     1057       44     20AE       0
                text55                             1A6E     1A6E        8     34DC       0
                text54                             1B61     1B61       17     36C2       0
                text53                             1DE9     1DE9       30     3BD2       0
                text52                             1CAE     1CAE       21     395C       0
                text51                             1A60     1A60        7     34C0       0
                text50                             1276     1276       7B     24EC       0
                text49                             1015     1015       42     202A       0
                text48                             1AB9     1AB9        F     3572       0
                text47                             1CCF     1CCF       23     399E       0
                text46                             1F86     1F86       3B     3F0C       0
                text45                              BD9      BD9      13A     17B2       0
                text44                             1B78     1B78       17     36F0       0
                text43                             1DBB     1DBB       2E     3B76       0
                text42                             13A9     13A9       BE     2752       0
                text41                             1145     1145       58     228A       0
                text40                             1A39     1A39        3     3472       0
                text39                             1AF9     1AF9       12     35F2       0
                text38                             1E4A     1E4A       31     3C94       0
                text37                             1E7B     1E7B       32     3CF6       0
                text36                             10EE     10EE       57     21DC       0
                text35                             1A76     1A76        8     34EC       0
                text34                             1A7E     1A7E        8     34FC       0
                text33                             1C33     1C33       1E     3866       0
                text32                             1AC8     1AC8        F     3590       0
                text31                             1B4B     1B4B       16     3696       0
                text30                             119D     119D       6B     233A       0
                text29                             1F14     1F14       38     3E28       0
                text28                             1A3C     1A3C        3     3478       0
                text27                             109B     109B       53     2136       0
                text26                             1A35     1A35        2     346A       0
                text25                             1A67     1A67        7     34CE       0
                text24                             1B0B     1B0B       15     3616       0
                text23                              E58      E58      1A8     1CB0       0
                text22                             1A8F     1A8F        9     351E       0
                text21                             1BDD     1BDD       1C     37BA       0
                text20                              864      864      11A     10C8       0
                text19                               5A       5A       7C        8       0
                text18                             1A98     1A98        9     3530       0
                text17                             1AA1     1AA1        9     3542       0
                text16                             1536     1536       E3     2A6C       0
                text15                             1EE0     1EE0       34     3DC0       0
                text14                             1B20     1B20       15     3640       0
                text13                             1AE8     1AE8       11     35D0       0
                text12                             170A     170A       F6     2E14       0
                text11                             1619     1619       F1     2C32       0
                text10                              7F0      7F0        F      ED0       0
                text9                               768      768       88      ED0       0
                text8                              1BF9     1BF9       1D     37F2       0
                text7                              1000     1000       15     1CB0       0
                text6                              1C16     1C16       1D     382C       0
                text5                               97E      97E      122     12FC       0
                text4                              1D16     1D16       25     3A2C       0
                text3                               AA0      AA0      139     1540       0
                text2                              1A54     1A54        6     34A8       0
                text1                              1208     1208       6E     2410       0
                maintext                            D13      D13      145     1A26       0
                cstackBANK0                          20       20       26       20       1
                cstackCOMMON                         70       70        A       70       1
                cstackBANK1                          B2       B2        7       A0       1
                clrtext                             800      800        8     1000       0
                dataBANK1                            B9       B9        1       A0       1
                bssBANK1                             A0       A0       12       A0       1
                dataBANK0                            66       66        6       20       1
                bssBANK0                             46       46       20       20       1
                dataCOMMON                           7A       7A        2       70       1
                stringtext                          100      100      668        2       0
                idataBANK1                          7FF      7FF        1      ED0       0
                idataBANK0                         1A5A     1A5A        6     34B4       0
                idataCOMMON                        1A37     1A37        2     346E       0

TOTAL           Name                               Link     Load   Length     Space
        CLASS   CODE           
                end_init                              C        C        3         0
                cinit                                 F        F       4B         0
                intentry                              4        4        8         0
                reset_vec                             0        0        3         0
                text82                             1CF2     1CF2       24         0
                text81                             1C51     1C51       1F         0
                text80                             1AD7     1AD7       11         0
                text79                             1D8F     1D8F       2C         0
                text78                             1A86     1A86        9         0
                text77                             1A3F     1A3F        5         0
                text76                             1A44     1A44        5         0
                text75                             1B8F     1B8F       19         0
                text74                             1D3B     1D3B       29         0
                text73                             1AAA     1AAA        F         0
                text72                             1E19     1E19       31         0
                text71                             1BA8     1BA8       19         0
                text70                             1A4E     1A4E        6         0
                text69                             1EAD     1EAD       33         0
                text68                             1D64     1D64       2B         0
                text67                             1C70     1C70       1F         0
                text66                             1C8F     1C8F       1F         0
                text65                             1467     1467       CF         0
                text64                              808      808       5C         0
                text63                             1FC1     1FC1       3F         0
                text62                             1BC1     1BC1       1C         0
                text61                             1A49     1A49        5         0
                text60                               D6       D6       29         0
                text59                             1B35     1B35       16         0
                text58                             12F1     12F1       B8         0
                text57                             1F4C     1F4C       3A         0
                text56                             1057     1057       44         0
                text55                             1A6E     1A6E        8         0
                text54                             1B61     1B61       17         0
                text53                             1DE9     1DE9       30         0
                text52                             1CAE     1CAE       21         0
                text51                             1A60     1A60        7         0
                text50                             1276     1276       7B         0
                text49                             1015     1015       42         0
                text48                             1AB9     1AB9        F         0
                text47                             1CCF     1CCF       23         0
                text46                             1F86     1F86       3B         0
                text45                              BD9      BD9      13A         0
                text44                             1B78     1B78       17         0
                text43                             1DBB     1DBB       2E         0
                text42                             13A9     13A9       BE         0
                text41                             1145     1145       58         0
                text40                             1A39     1A39        3         0
                text39                             1AF9     1AF9       12         0
                text38                             1E4A     1E4A       31         0
                text37                             1E7B     1E7B       32         0
                text36                             10EE     10EE       57         0
                text35                             1A76     1A76        8         0
                text34                             1A7E     1A7E        8         0
                text33                             1C33     1C33       1E         0
                text32                             1AC8     1AC8        F         0
                text31                             1B4B     1B4B       16         0
                text30                             119D     119D       6B         0
                text29                             1F14     1F14       38         0
                text28                             1A3C     1A3C        3         0
                text27                             109B     109B       53         0
                text26                             1A35     1A35        2         0
                text25                             1A67     1A67        7         0
                text24                             1B0B     1B0B       15         0
                text23                              E58      E58      1A8         0
                text22                             1A8F     1A8F        9         0
                text21                             1BDD     1BDD       1C         0
                text20                              864      864      11A         0
                text19                               5A       5A       7C         0
                text18                             1A98     1A98        9         0
                text17                             1AA1     1AA1        9         0
                text16                             1536     1536       E3         0
                text15                             1EE0     1EE0       34         0
                text14                             1B20     1B20       15         0
                text13                             1AE8     1AE8       11         0
                text12                             170A     170A       F6         0
                text11                             1619     1619       F1         0
                text10                              7F0      7F0        F         0
                text9                               768      768       88         0
                text8                              1BF9     1BF9       1D         0
                text7                              1000     1000       15         0
                text6                              1C16     1C16       1D         0
                text5                               97E      97E      122         0
                text4                              1D16     1D16       25         0
                text3                               AA0      AA0      139         0
                text2                              1A54     1A54        6         0
                text1                              1208     1208       6E         0
                maintext                            D13      D13      145         0
                clrtext                             800      800        8         0
                idataBANK1                          7FF      7FF        1         0
                idataBANK0                         1A5A     1A5A        6         0
                idataCOMMON                        1A37     1A37        2         0

        CLASS   STRCODE        
                stringtext                          100      100      668         0

        CLASS   STRING         

        CLASS   CONST          

        CLASS   ENTRY          

        CLASS   COMMON         
                cstackCOMMON                         70       70        A         1
                dataCOMMON                           7A       7A        2         1

        CLASS   BANK0          
                cstackBANK0                          20       20       26         1
                dataBANK0                            66       66        6         1
                bssBANK0                             46       46       20         1

        CLASS   BANK1          
                cstackBANK1                          B2       B2        7         1
                dataBANK1                            B9       B9        1         1
                bssBANK1                             A0       A0       12         1

        CLASS   BANK2          

        CLASS   BANK3          

        CLASS   RAM            

        CLASS   ABS1           
                abs_s1                               7E       7E        2         1

        CLASS   SFR0           

        CLASS   SFR1           

        CLASS   SFR2           

        CLASS   SFR3           

        CLASS   CONFIG         
                config                             2007     2007        1         4

        CLASS   IDLOC          

        CLASS   EEDATA         

        CLASS   HEAP           

        CLASS   STACK          



SEGMENTS        Name                           Load    Length   Top    Selector   Space  Class     Delta

                text62                         001BC1  00001C  001BDD      3782       0  CODE        2
                text71                         001BA8  000019  001BC1      3750       0  CODE        2
                text75                         001B8F  000019  001BA8      371E       0  CODE        2
                text6                          001C16  00001D  001C33      382C       0  CODE        2
                text8                          001BF9  00001D  001C16      37F2       0  CODE        2
                text21                         001BDD  00001C  001BF9      37BA       0  CODE        2
                text59                         001B35  000016  001B4B      366A       0  CODE        2
                text14                         001B20  000015  001B35      3640       0  CODE        2
                text24                         001B0B  000015  001B20      3616       0  CODE        2
                text44                         001B78  000017  001B8F      36F0       0  CODE        2
                text54                         001B61  000017  001B78      36C2       0  CODE        2
                text31                         001B4B  000016  001B61      3696       0  CODE        2
                text33                         001C33  00001E  001C51      3866       0  CODE        2
                text68                         001D64  00002B  001D8F      3AC8       0  CODE        2
                text74                         001D3B  000029  001D64      3A76       0  CODE        2
                text4                          001D16  000025  001D3B      3A2C       0  CODE        2
                text53                         001DE9  000030  001E19      3BD2       0  CODE        2
                text43                         001DBB  00002E  001DE9      3B76       0  CODE        2
                text79                         001D8F  00002C  001DBB      3B1E       0  CODE        2
                text66                         001C8F  00001F  001CAE      391E       0  CODE        2
                text67                         001C70  00001F  001C8F      38E0       0  CODE        2
                text81                         001C51  00001F  001C70      38A2       0  CODE        2
                text82                         001CF2  000024  001D16      39E4       0  CODE        2
                text47                         001CCF  000023  001CF2      399E       0  CODE        2
                text52                         001CAE  000021  001CCF      395C       0  CODE        2
                text39                         001AF9  000012  001B0B      35F2       0  CODE        2
                text2                          001A54  000006  001A5A      34A8       0  CODE        2
                text70                         001A4E  000006  001A54      349C       0  CODE        2
                text61                         001A49  000005  001A4E      3492       0  CODE        2
                text25                         001A67  000007  001A6E      34CE       0  CODE        2
                text51                         001A60  000007  001A67      34C0       0  CODE        2
                idataBANK0                     001A5A  000006  001A60      34B4       0  CODE        2
                text40                         001A39  000003  001A3C      3472       0  CODE        2
                idataCOMMON                    001A37  000002  001A39      346E       0  CODE        2
                text26                         001A35  000002  001A37      346A       0  CODE        2
                text76                         001A44  000005  001A49      3488       0  CODE        2
                text77                         001A3F  000005  001A44      347E       0  CODE        2
                text28                         001A3C  000003  001A3F      3478       0  CODE        2
                text55                         001A6E  000008  001A76      34DC       0  CODE        2
                text48                         001AB9  00000F  001AC8      3572       0  CODE        2
                text73                         001AAA  00000F  001AB9      3554       0  CODE        2
                text17                         001AA1  000009  001AAA      3542       0  CODE        2
                text13                         001AE8  000011  001AF9      35D0       0  CODE        2
                text80                         001AD7  000011  001AE8      35AE       0  CODE        2
                text32                         001AC8  00000F  001AD7      3590       0  CODE        2
                clrtext                        000800  000008  000808      1000       0  CODE        2
                text34                         001A7E  000008  001A86      34FC       0  CODE        2
                text35                         001A76  000008  001A7E      34EC       0  CODE        2
                text18                         001A98  000009  001AA1      3530       0  CODE        2
                text22                         001A8F  000009  001A98      351E       0  CODE        2
                text78                         001A86  000009  001A8F      350C       0  CODE        2
                text45                         000BD9  00013A  000D13      17B2       0  CODE        2
                text3                          000AA0  000139  000BD9      1540       0  CODE        2
                text5                          00097E  000122  000AA0      12FC       0  CODE        2
                stringtext                     000100  000668  000768         2       0  STRCODE     2
                text23                         000E58  0001BD  001015      1CB0       0  CODE        2
                maintext                       000D13  000145  000E58      1A26       0  CODE        2
                bssBANK1                       0000A0  00001A  0000BA        A0       1  BANK1       1
                cstackCOMMON                   000070  00000C  00007C        70       1  COMMON      1
                reset_vec                      000000  000003  000003         0       0  CODE        2
                intentry                       000004  0000FB  0000FF         8       0  CODE        2
                cstackBANK0                    000020  00004C  00006C        20       1  BANK0       1
                text20                         000864  00011A  00097E      10C8       0  CODE        2
                text63                         001FC1  00003F  002000      3F82       0  CODE        2
                text46                         001F86  00003B  001FC1      3F0C       0  CODE        2
                text57                         001F4C  00003A  001F86      3E98       0  CODE        2
                text27                         00109B  000053  0010EE      2136       0  CODE        2
                text56                         001057  000044  00109B      20AE       0  CODE        2
                text49                         001015  000042  001057      202A       0  CODE        2
                text37                         001E7B  000032  001EAD      3CF6       0  CODE        2
                text38                         001E4A  000031  001E7B      3C94       0  CODE        2
                text72                         001E19  000031  001E4A      3C32       0  CODE        2
                text29                         001F14  000038  001F4C      3E28       0  CODE        2
                text15                         001EE0  000034  001F14      3DC0       0  CODE        2
                text69                         001EAD  000033  001EE0      3D5A       0  CODE        2
                text36                         0010EE  000057  001145      21DC       0  CODE        2
                text65                         001467  0000CF  001536      28CE       0  CODE        2
                text42                         0013A9  0000BE  001467      2752       0  CODE        2
                text58                         0012F1  0000B8  0013A9      25E2       0  CODE        2
                text12                         00170A  0000F6  001800      2E14       0  CODE        2
                text11                         001619  0000F1  00170A      2C32       0  CODE        2
                text16                         001536  0000E3  001619      2A6C       0  CODE        2
                text30                         00119D  00006B  001208      233A       0  CODE        2
                text64                         000808  00005C  000864      1010       0  CODE        2
                text41                         001145  000058  00119D      228A       0  CODE        2
                text9                          000768  000098  000800       ED0       0  CODE        2
                text50                         001276  00007B  0012F1      24EC       0  CODE        2
                text1                          001208  00006E  001276      2410       0  CODE        2


UNUSED ADDRESS RANGES

        Name                Unused          Largest block    Delta
        BANK0            006C-006F              4           1
        BANK1            00BA-00EF             36           1
        BANK2            0110-016F             60           1
        BANK3            0190-01EF             60           1
        CODE             0003-0003              1           2
                         00FF-00FF              1
                         1800-1A34            235
        COMMON           007C-007D              2           1
        CONST            0003-0003              1           2
                         00FF-00FF              1
                         1800-1A34            100
        EEDATA           2100-21FF            100           2
        ENTRY            0003-0003              1           2
                         00FF-00FF              1
                         1800-1A34            100
        IDLOC            2000-2003              4           2
        RAM              006C-006F              4           1
                         00BA-00EF             36
                         0110-016F             60
                         0190-01EF             60
        SFR0             0000-001F             20           1
        SFR1             0080-009F             20           1
        SFR2             0100-010F             10           1
        SFR3             0180-018F             10           1
        STRCODE          0003-0003              1           2
                         00FF-00FF              1
                         1800-1A34            235
        STRING           0003-0003              1           2
                         00FF-00FF              1
                         1800-1A34            100

                                  Symbol Table

?___lldiv                           cstackBANK0  002C
?___lmul                            cstackBANK0  0020
?___lwdiv                           cstackCOMMON 0072
?___lwmod                           cstackCOMMON 0072
?___wmul                            cstackCOMMON 0072
?_gear_label                        cstackCOMMON 0072
?_i2c_write                         cstackCOMMON 0072
?_pass_match                        cstackCOMMON 0072
?_read_adc                          cstackCOMMON 0072
_ACKDT                              (abs)        048D
_ACKEN                              (abs)        048C
_ACKSTAT                            (abs)        048E
_ADCON0                             (abs)        001F
_ADCS0                              (abs)        00FE
_ADCS1                              (abs)        00FF
_ADCS2                              (abs)        04FE
_ADFM                               (abs)        04FF
_ADON                               (abs)        00F8
_ADRESH                             (abs)        001E
_ADRESL                             (abs)        009E
_BRGH                               (abs)        04C2
_CHS0                               (abs)        00FB
_CHS1                               (abs)        00FC
_CHS2                               (abs)        00FD
_CREN                               (abs)        00C4
_GIE                                (abs)        005F
_GO                                 (abs)        00FA
_OPTION_REG                         (abs)        0081
_PCFG0                              (abs)        04F8
_PCFG1                              (abs)        04F9
_PCFG2                              (abs)        04FA
_PCFG3                              (abs)        04FB
_PEIE                               (abs)        005E
_PEN                                (abs)        048A
_PORTB                              (abs)        0006
_PORTD                              (abs)        0008
_RCEN                               (abs)        048B
_RE1                                (abs)        0049
_RE2                                (abs)        004A
_RSEN                               (abs)        0489
_R_nW                               (abs)        04A2
_SEN                                (abs)        0488
_SPBRG                              (abs)        0099
_SPEN                               (abs)        00C7
_SSPADD                             (abs)        0093
_SSPBUF                             (abs)        0013
_SSPCON2                            (abs)        0091
_SSPEN                              (abs)        00A5
_SSPM0                              (abs)        00A0
_SSPM1                              (abs)        00A1
_SSPM2                              (abs)        00A2
_SSPM3                              (abs)        00A3
_SYNC                               (abs)        04C4
_T1CON                              (abs)        0010
_TMR0                               (abs)        0001
_TMR0IE                             (abs)        005D
_TMR0IF                             (abs)        005A
_TMR1H                              (abs)        000F
_TMR1IE                             (abs)        0460
_TMR1IF                             (abs)        0060
_TMR1L                              (abs)        000E
_TRISB                              (abs)        0086
_TRISC3                             (abs)        043B
_TRISC4                             (abs)        043C
_TRISD                              (abs)        0088
_TRISE1                             (abs)        0449
_TRISE2                             (abs)        044A
_TXEN                               (abs)        04C5
_TXIF                               (abs)        0064
_TXREG                              (abs)        0019
__H__absolute__                     __absolute__ 0000
__Habs1                             abs1         0000
__Hbank0                            bank0        0000
__Hbank1                            bank1        0000
__Hbank2                            bank2        0000
__Hbank3                            bank3        0000
__HbssBANK0                         bssBANK0     0000
__HbssBANK1                         bssBANK1     0000
__Hcinit                            cinit        005A
__Hclrtext                          clrtext      0000
__Hcode                             code         0000
__Hcommon                           common       0000
__Hconfig                           config       2008
__HcstackBANK0                      cstackBANK0  0000
__HcstackBANK1                      cstackBANK1  0000
__HcstackCOMMON                     cstackCOMMON 0000
__HdataBANK0                        dataBANK0    0000
__HdataBANK1                        dataBANK1    0000
__HdataCOMMON                       dataCOMMON   0000
__Heeprom_data                      eeprom_data  0000
__Hend_init                         end_init     000F
__Hfunctab                          functab      0000
__Hheap                             heap         0000
__HidataBANK0                       idataBANK0   0000
__HidataBANK1                       idataBANK1   0000
__HidataCOMMON                      idataCOMMON  0000
__Hinit                             init         000C
__Hintentry                         intentry     000C
__Hmaintext                         maintext     0000
__Hpowerup                          powerup      0000
__Hram                              ram          0000
__Hreset_vec                        reset_vec    0003
__Hsfr0                             sfr0         0000
__Hsfr1                             sfr1         0000
__Hsfr2                             sfr2         0000
__Hsfr3                             sfr3         0000
__Hsivt                             sivt         000C
__Hspace_0                          (abs)        2000
__Hspace_1                          (abs)        00BA
__Hspace_2                          (abs)        0000
__Hspace_3                          (abs)        0000
__Hspace_4                          (abs)        400F
__Hstack                            stack        0000
__Hstrings                          strings      0000
__Hstringtext                       stringtext   0000
__Htext                             text         0000
__L__absolute__                     __absolute__ 0000
__Labs1                             abs1         0000
__Lbank0                            bank0        0000
__Lbank1                            bank1        0000
__Lbank2                            bank2        0000
__Lbank3                            bank3        0000
__LbssBANK0                         bssBANK0     0000
__LbssBANK1                         bssBANK1     0000
__Lcinit                            cinit        000F
__Lclrtext                          clrtext      0000
__Lcode                             code         0000
__Lcommon                           common       0000
__Lconfig                           config       0000
__LcstackBANK0                      cstackBANK0  0000
__LcstackBANK1                      cstackBANK1  0000
__LcstackCOMMON                     cstackCOMMON 0000
__LdataBANK0                        dataBANK0    0000
__LdataBANK1                        dataBANK1    0000
__LdataCOMMON                       dataCOMMON   0000
__Leeprom_data                      eeprom_data  0000
__Lend_init                         end_init     000C
__Lfunctab                          functab      0000
__Lheap                             heap         0000
__LidataBANK0                       idataBANK0   0000
__LidataBANK1                       idataBANK1   0000
__LidataCOMMON                      idataCOMMON  0000
__Linit                             init         000C
__Lintentry                         intentry     0004
__Lmaintext                         maintext     0000
__Lpowerup                          powerup      0000
__Lram                              ram          0000
__Lreset_vec                        reset_vec    0000
__Lsfr0                             sfr0         0000
__Lsfr1                             sfr1         0000
__Lsfr2                             sfr2         0000
__Lsfr3                             sfr3         0000
__Lsivt                             sivt         000C
__Lspace_0                          (abs)        0000
__Lspace_1                          (abs)        0000
__Lspace_2                          (abs)        0000
__Lspace_3                          (abs)        0000
__Lspace_4                          (abs)        0000
__Lstack                            stack        0000
__Lstrings                          strings      0000
__Lstringtext                       stringtext   0000
__Ltext                             text         0000
__S0                                (abs)        2000
__S1                                (abs)        00BA
__S3                                (abs)        0000
___bmul                             text10       07F0
___bmul@multiplicand                cstackCOMMON 0072
___bmul@multiplier                  cstackCOMMON 0074
___bmul@product                     cstackCOMMON 0073
___heap_hi                          (abs)        0000
___heap_lo                          (abs)        0000
___int_sp                           stack        0000
___int_stack_hi                     stack        0000
___int_stack_lo                     stack        0000
___latbits                          (abs)        0002
___lbdiv                            text67       1C70
___lbdiv@counter                    cstackCOMMON 0074
___lbdiv@dividend                   cstackCOMMON 0073
___lbdiv@divisor                    cstackCOMMON 0072
___lbdiv@quotient                   cstackCOMMON 0075
___lbmod                            text66       1C8F
___lbmod@counter                    cstackBANK0  0021
___lbmod@dividend                   cstackBANK0  0020
___lbmod@divisor                    cstackCOMMON 0076
___lbmod@rem                        cstackBANK0  0022
___lldiv                            text64       0808
___lldiv@counter                    cstackBANK0  0038
___lldiv@dividend                   cstackBANK0  0030
___lldiv@divisor                    cstackBANK0  002C
___lldiv@quotient                   cstackBANK0  0034
___lmul                             text63       1FC1
___lmul@multiplicand                cstackBANK0  0024
___lmul@multiplier                  cstackBANK0  0020
___lmul@product                     cstackBANK0  0028
___lwdiv                            text57       1F4C
___lwdiv@counter                    cstackCOMMON 0076
___lwdiv@dividend                   cstackCOMMON 0074
___lwdiv@divisor                    cstackCOMMON 0072
___lwdiv@quotient                   cstackCOMMON 0077
___lwmod                            text53       1DE9
___lwmod@counter                    cstackCOMMON 0076
___lwmod@dividend                   cstackCOMMON 0074
___lwmod@divisor                    cstackCOMMON 0072
___sp                               stack        0000
___stack_hi                         stack        0000
___stack_lo                         stack        0000
___stackhi                          (abs)        0000
___stacklo                          (abs)        0000
___wmul                             text52       1CAE
___wmul@multiplicand                cstackCOMMON 0074
___wmul@multiplier                  cstackCOMMON 0072
___wmul@product                     cstackCOMMON 0076
__end_of___bmul                     text10       07FF
__end_of___lbdiv                    text67       1C8F
__end_of___lbmod                    text66       1CAE
__end_of___lldiv                    text64       0864
__end_of___lmul                     text63       2000
__end_of___lwdiv                    text57       1F86
__end_of___lwmod                    text53       1E19
__end_of___wmul                     text52       1CCF
__end_of__initialization            cinit        0056
__end_of__stringtab                 stringtext   0112
__end_of_ack_poll                   text74       1D64
__end_of_bcd_to_ascii               text44       1B8F
__end_of_bcd_to_dec                 text7        1015
__end_of_clcd_clear                 text80       1AE8
__end_of_clcd_print                 text79       1DBB
__end_of_clcd_putch                 text48       1AC8
__end_of_clcd_write                 text81       1C70
__end_of_clear_logs                 text68       1D8F
__end_of_dashboard_render           text65       1536
__end_of_dashboard_update           text58       13A9
__end_of_dec_to_bcd                 text8        1C16
__end_of_default_pass               stringtext   0143
__end_of_destinations               stringtext   013F
__end_of_do_logout                  text18       1AA1
__end_of_download_logs              text45       0D13
__end_of_ds1307_i2c_read            text60       00FF
__end_of_ds1307_i2c_write           text33       1C51
__end_of_eeprom_clear_log           text71       1BC1
__end_of_eeprom_get_entry_count     text54       1B78
__end_of_eeprom_read_byte           text56       109B
__end_of_eeprom_read_log            text50       12F1
__end_of_eeprom_write_byte          text72       1E4A
__end_of_eeprom_write_log           text41       119D
__end_of_field_max                  stringtext   014A
__end_of_gear_label                 text49       1057
__end_of_gear_labels                stringtext   013A
__end_of_get_device_addr            text73       1AB9
__end_of_get_status                 text40       1A3C
__end_of_i2c_read                   text62       1BDD
__end_of_i2c_repeat_start           text61       1A4E
__end_of_i2c_start                  text77       1A44
__end_of_i2c_stop                   text76       1A49
__end_of_i2c_wait_for_idle          text78       1A8F
__end_of_i2c_write                  text75       1BA8
__end_of_initADC                    text39       1B0B
__end_of_initI2C                    text38       1E7B
__end_of_initUART                   text37       1EAD
__end_of_init_clcd                  text35       1A7E
__end_of_init_config                text29       1F4C
__end_of_init_digital_keypad        text34       1A86
__end_of_init_display_controller    text36       1145
__end_of_init_rtc                   text32       1AD7
__end_of_init_timers                text31       1B61
__end_of_invalidate_dashboard_cache text22       1A98
__end_of_is_logged_in               text28       1A3F
__end_of_isr                        text82       1D16
__end_of_labels                     stringtext   012E
__end_of_lockout_durations          stringtext   0147
__end_of_log_entry_from_sys         text27       10EE
__end_of_login_load_password        text30       1208
__end_of_login_render               text23       1000
__end_of_login_reset                text24       1B20
__end_of_login_set_password         text14       1B35
__end_of_login_update               text20       097E
__end_of_main                       maintext     0E58
__end_of_menu_render                text19       00D6
__end_of_menu_reset                 text17       1AAA
__end_of_menu_update                text16       1619
__end_of_pass_match                 text21       1BF9
__end_of_print_two_digits           text47       1CF2
__end_of_read_adc                   text59       1B4B
__end_of_read_count                 text55       1A76
__end_of_read_digital_keypad        text15       1F14
__end_of_read_head                  text51       1A67
__end_of_reset_blink_tick           text26       1A37
__end_of_reset_timeout_tick         text25       1A6E
__end_of_set_password_render        text12       1800
__end_of_set_password_reset         text13       1AF9
__end_of_set_password_update        text11       170A
__end_of_set_status                 text46       1FC1
__end_of_set_time_render            text9        07F0
__end_of_set_time_reset             text6        1C33
__end_of_set_time_update            text5        0AA0
__end_of_speed_to_ascii             text43       1DE9
__end_of_state_names                stringtext   0122
__end_of_translate_key              text4        1D3B
__end_of_uart_putchar               text70       1A54
__end_of_uart_puts                  text69       1EE0
__end_of_view_logs_render           text3        0BD9
__end_of_view_logs_reset            text2        1A5A
__end_of_view_logs_update           text1        1276
__end_of_write_slot                 text42       1467
__initialization                    cinit        000F
__pbssBANK0                         bssBANK0     0046
__pbssBANK1                         bssBANK1     00A0
__pcstackBANK0                      cstackBANK0  0020
__pcstackBANK1                      cstackBANK1  00B2
__pcstackCOMMON                     cstackCOMMON 0070
__pdataBANK0                        dataBANK0    0066
__pdataBANK1                        dataBANK1    00B9
__pdataCOMMON                       dataCOMMON   007A
__pidataBANK0                       idataBANK0   1A5A
__pidataBANK1                       idataBANK1   07FF
__pidataCOMMON                      idataCOMMON  1A37
__pintentry                         intentry     0004
__pmaintext                         maintext     0D13
__pstringtext                       stringtext   0100
__ptext1                            text1        1208
__ptext10                           text10       07F0
__ptext11                           text11       1619
__ptext12                           text12       170A
__ptext13                           text13       1AE8
__ptext14                           text14       1B20
__ptext15                           text15       1EE0
__ptext16                           text16       1536
__ptext17                           text17       1AA1
__ptext18                           text18       1A98
__ptext19                           text19       005A
__ptext2                            text2        1A54
__ptext20                           text20       0864
__ptext21                           text21       1BDD
__ptext22                           text22       1A8F
__ptext23                           text23       0E58
__ptext24                           text24       1B0B
__ptext25                           text25       1A67
__ptext26                           text26       1A35
__ptext27                           text27       109B
__ptext28                           text28       1A3C
__ptext29                           text29       1F14
__ptext3                            text3        0AA0
__ptext30                           text30       119D
__ptext31                           text31       1B4B
__ptext32                           text32       1AC8
__ptext33                           text33       1C33
__ptext34                           text34       1A7E
__ptext35                           text35       1A76
__ptext36                           text36       10EE
__ptext37                           text37       1E7B
__ptext38                           text38       1E4A
__ptext39                           text39       1AF9
__ptext4                            text4        1D16
__ptext40                           text40       1A39
__ptext41                           text41       1145
__ptext42                           text42       13A9
__ptext43                           text43       1DBB
__ptext44                           text44       1B78
__ptext45                           text45       0BD9
__ptext46                           text46       1F86
__ptext47                           text47       1CCF
__ptext48                           text48       1AB9
__ptext49                           text49       1015
__ptext5                            text5        097E
__ptext50                           text50       1276
__ptext51                           text51       1A60
__ptext52                           text52       1CAE
__ptext53                           text53       1DE9
__ptext54                           text54       1B61
__ptext55                           text55       1A6E
__ptext56                           text56       1057
__ptext57                           text57       1F4C
__ptext58                           text58       12F1
__ptext59                           text59       1B35
__ptext6                            text6        1C16
__ptext60                           text60       00D6
__ptext61                           text61       1A49
__ptext62                           text62       1BC1
__ptext63                           text63       1FC1
__ptext64                           text64       0808
__ptext65                           text65       1467
__ptext66                           text66       1C8F
__ptext67                           text67       1C70
__ptext68                           text68       1D64
__ptext69                           text69       1EAD
__ptext7                            text7        1000
__ptext70                           text70       1A4E
__ptext71                           text71       1BA8
__ptext72                           text72       1E19
__ptext73                           text73       1AAA
__ptext74                           text74       1D3B
__ptext75                           text75       1B8F
__ptext76                           text76       1A44
__ptext77                           text77       1A3F
__ptext78                           text78       1A86
__ptext79                           text79       1D8F
__ptext8                            text8        1BF9
__ptext80                           text80       1AD7
__ptext81                           text81       1C51
__ptext82                           text82       1CF2
__ptext9                            text9        0768
__stringbase                        stringtext   0112
__stringtab                         stringtext   0100
_ack_poll                           text74       1D3B
_active_field                       bssBANK0     0055
_bcd_to_ascii                       text44       1B78
_bcd_to_dec                         text7        1000
_blink_state                        dataBANK0    0066
_blink_tick                         bssBANK0     0063
_clcd_clear                         text80       1AD7
_clcd_print                         text79       1D8F
_clcd_putch                         text48       1AB9
_clcd_write                         text81       1C51
_clear_logs                         text68       1D64
_cooldown_ticks                     bssBANK0     005D
_cooldown_ticks@set_password$F662   bssBANK0     0056
_current_state                      bssBANK0     0053
_cursor_visible                     bssBANK0     005F
_cursor_visible@set_password$F660   dataBANK0    0067
_dashboard_render                   text65       1467
_dashboard_update                   text58       12F1
_dec_to_bcd                         text8        1BF9
_default_pass                       stringtext   013F
_destinations                       stringtext   013A
_digit_count                        bssBANK0     0060
_digit_count@set_password$F659      bssBANK0     0058
_do_logout                          text18       1A98
_download_logs                      text45       0BD9
_ds1307_i2c_read                    text60       00D6
_ds1307_i2c_write                   text33       1C33
_eeprom_clear_log                   text71       1BA8
_eeprom_get_entry_count             text54       1B61
_eeprom_get_entry_count$287         cstackBANK0  0025
_eeprom_read_byte                   text56       1057
_eeprom_read_log                    text50       1276
_eeprom_write_byte                  text72       1E19
_eeprom_write_log                   text41       1145
_empty_shown                        bssBANK1     00AD
_entered                            bssBANK1     00A0
_fail_count                         bssBANK0     0061
_field_max                          stringtext   0147
_gear_label                         text49       1015
_gear_labels                        stringtext   012E
_get_device_addr                    text73       1AAA
_get_status                         text40       1A39
_i2c_read                           text62       1BC1
_i2c_repeat_start                   text61       1A49
_i2c_start                          text77       1A3F
_i2c_stop                           text76       1A44
_i2c_wait_for_idle                  text78       1A86
_i2c_write                          text75       1B8F
_initADC                            text39       1AF9
_initI2C                            text38       1E4A
_initUART                           text37       1E7B
_init_clcd                          text35       1A76
_init_config                        text29       1F14
_init_digital_keypad                text34       1A7E
_init_display_controller            text36       10EE
_init_rtc                           text32       1AC8
_init_timers                        text31       1B4B
_invalidate_dashboard_cache         text22       1A8F
_is_logged_in                       text28       1A3C
_isr                                text82       1CF2
_labels                             stringtext   0122
_last_drawn                         dataCOMMON   007A
_lockout_durations                  stringtext   0143
_lockout_secs_remaining             bssBANK0     005C
_log_entry_from_sys                 text27       109B
_log_index                          bssBANK0     0052
_logged_in_flag                     bssBANK0     005B
_login_load_password                text30       119D
_login_render                       text23       0E58
_login_render$408                   cstackBANK0  002A
_login_reset                        text24       1B0B
_login_set_password                 text14       1B20
_login_update                       text20       0864
_login_update$377                   cstackBANK0  0028
_login_update$382                   cstackBANK0  002A
_main                               maintext     0D13
_menu_render                        text19       005A
_menu_reset                         text17       1AA1
_menu_update                        text16       1536
_my_pass                            bssBANK1     00A9
_nDONE                              (abs)        00FA
_needs_draw                         dataBANK1    00B9
_new_pass                           bssBANK1     00AE
_pass_match                         text21       1BDD
_phase                              bssBANK0     0062
_phase@set_password$F656            bssBANK0     0059
_prev_flags_render                  dataBANK0    0069
_prev_gear_render                   dataBANK0    006A
_prev_speed                         dataBANK0    006B
_print_two_digits                   text47       1CCF
_re_pass                            bssBANK1     00A5
_read_adc                           text59       1B35
_read_count                         text55       1A6E
_read_digital_keypad                text15       1EE0
_read_head                          text51       1A60
_reset_blink_tick                   text26       1A35
_reset_timeout_tick                 text25       1A67
_screen_ready                       bssBANK0     005E
_screen_ready@set_password$F661     bssBANK0     0057
_screen_ready@set_time$F739         bssBANK0     0054
_selection                          bssBANK0     005A
_set_password_render                text12       170A
_set_password_render$689            cstackBANK0  0029
_set_password_render$690            cstackBANK0  002B
_set_password_reset                 text13       1AE8
_set_password_update                text11       1619
_set_password_update$669            cstackBANK0  0027
_set_status                         text46       1F86
_set_time_render                    text9        0768
_set_time_reset                     text6        1C16
_set_time_update                    text5        097E
_set_time_update$754                cstackBANK0  002A
_set_time_update$755                cstackBANK0  002C
_speed_to_ascii                     text43       1DBB
_state_names                        stringtext   0112
_sys                                bssBANK0     0046
_time_copy                          bssBANK0     004D
_timeout_tick                       bssBANK0     0050
_translate_key                      text4        1D16
_uart_putchar                       text70       1A4E
_uart_puts                          text69       1EAD
_view_logs_render                   text3        0AA0
_view_logs_reset                    text2        1A54
_view_logs_update                   text1        1208
_write_slot                         text42       13A9
_write_slot$265                     cstackBANK0  003A
ack_poll@attempts                   cstackCOMMON 0079
ack_poll@dev_addr                   cstackCOMMON 0078
bcd_to_ascii@bcd                    cstackCOMMON 0075
bcd_to_ascii@hi                     cstackCOMMON 0072
bcd_to_ascii@lo                     cstackCOMMON 0073
bcd_to_dec@bcd                      cstackCOMMON 0077
btemp                               (abs)        007E
btemp0                              (abs)        007E
btemp1                              (abs)        007F
clcd_print@addr                     cstackCOMMON 0078
clcd_print@str                      cstackCOMMON 0076
clcd_putch@addr                     cstackBANK0  0023
clcd_putch@data                     cstackCOMMON 0079
clcd_write@byte                     cstackCOMMON 0075
clcd_write@mode                     cstackCOMMON 0072
clear_ram0                          clrtext      0800
dashboard_render@speed_buf          cstackBANK0  002F
dashboard_render@time_buf           cstackBANK0  0026
dashboard_update@evt                cstackBANK0  003D
dashboard_update@prev_flags_uart    bssBANK0     0065
dashboard_update@prev_gear_uart     bssBANK0     0064
dec_to_bcd@dec                      cstackCOMMON 0079
download_logs@buf                   cstackBANK0  0034
download_logs@count                 cstackBANK0  0042
download_logs@gl                    cstackBANK0  0040
download_logs@k                     cstackBANK0  0043
ds1307_i2c_read@address             cstackCOMMON 0077
ds1307_i2c_read@data                cstackCOMMON 0078
ds1307_i2c_write@address            cstackBANK0  0025
ds1307_i2c_write@data               cstackBANK0  0026
eeprom_get_entry_count@count        cstackBANK0  0027
eeprom_read_byte@addr               cstackCOMMON 0077
eeprom_read_byte@data               cstackBANK0  0020
eeprom_read_byte@dev_r              cstackBANK0  0022
eeprom_read_byte@dev_w              cstackBANK0  0021
eeprom_read_log@addr                cstackBANK0  0029
eeprom_read_log@buf                 cstackBANK0  0023
eeprom_read_log@count               cstackBANK0  002E
eeprom_read_log@head                cstackBANK0  002D
eeprom_read_log@i                   cstackBANK0  002F
eeprom_read_log@index               cstackBANK0  0028
eeprom_read_log@oldest              cstackBANK0  002B
eeprom_read_log@slot                cstackBANK0  002C
eeprom_write_byte@addr              cstackBANK0  0020
eeprom_write_byte@data              cstackBANK0  0022
eeprom_write_byte@dev               cstackBANK0  0023
eeprom_write_log@count              cstackBANK0  003F
eeprom_write_log@entry              cstackBANK0  003D
eeprom_write_log@head               cstackBANK0  0040
end_of_initialization               cinit        0056
gear_label@g                        cstackCOMMON 0074
get_device_addr@addr                cstackCOMMON 0072
get_device_addr@base                cstackCOMMON 0074
i2c_read@ack                        cstackCOMMON 0072
i2c_read@data                       cstackCOMMON 0073
i2c_write@data                      cstackCOMMON 0076
initI2C@baud                        cstackBANK0  0039
initUART@baud                       cstackBANK0  0039
init_rtc@sec_reg                    cstackBANK0  0027
interrupt_function                  intentry     0004
intlevel0                           functab      0000
intlevel1                           functab      0000
intlevel2                           functab      0000
intlevel3                           functab      0000
intlevel4                           functab      0000
intlevel5                           functab      0000
log_entry_from_sys@e                cstackCOMMON 0072
login_load_password@all_ff          cstackBANK0  0024
login_load_password@k               cstackBANK0  0025
login_render@k                      cstackBANK0  002C
login_render@last_shown             dataBANK0    0068
login_render@tries_left             cstackBANK0  0029
login_set_password@k                cstackCOMMON 0074
login_set_password@new_pass         cstackCOMMON 0072
login_update@dur                    cstackBANK0  002D
login_update@elapsed                cstackBANK0  002C
login_update@evt                    cstackBANK0  002E
ltemp0a                             (abs)        0080
main@evt                            cstackBANK1  00B8
main@pending_entry                  cstackBANK1  00B2
menu_update@evt                     cstackBANK0  0029
pass_match@k                        cstackCOMMON 0075
print_two_digits@addr               cstackBANK0  0024
print_two_digits@val                cstackBANK0  0025
read_adc@channel                    cstackCOMMON 0075
read_digital_keypad@i               cstackCOMMON 0074
read_digital_keypad@once            dataCOMMON   007B
read_digital_keypad@trigger_method  cstackCOMMON 0073
reset_vec                           reset_vec    0000
saved_w                             (abs)        007E
set_password_render@k               cstackBANK0  002D
set_password_update@evt             cstackBANK0  002C
set_password_update@k               cstackBANK0  002B
set_password_update@match           cstackBANK0  002A
set_password_update@val             cstackBANK0  0029
set_status@new_state                cstackBANK0  0025
set_time_render@col                 cstackBANK0  0024
set_time_render@f                   cstackBANK0  0025
set_time_update@evt                 cstackBANK0  002E
speed_to_ascii@h                    cstackBANK0  0023
speed_to_ascii@spd                  cstackCOMMON 0079
speed_to_ascii@t                    cstackBANK0  0024
speed_to_ascii@u                    cstackBANK0  0025
start                               init         000C
start_initialization                cinit        000F
translate_key@key                   cstackCOMMON 0076
ttemp0a                             (abs)        007F
uart_putchar@ch                     cstackCOMMON 0079
uart_puts@str                       cstackBANK0  0020
view_logs_render@buf                cstackBANK0  0034
view_logs_render@count              cstackBANK0  0042
view_logs_render@gl                 cstackBANK0  0040
view_logs_update@count              cstackBANK0  002A
view_logs_update@evt                cstackBANK0  002B
write_slot@addr                     cstackBANK0  0038
write_slot@entry                    cstackBANK0  0026
write_slot@i                        cstackBANK0  003C
write_slot@rec                      cstackBANK0  002D
write_slot@slot_index               cstackBANK0  002C
wtemp0                              (abs)        007E
wtemp0a                             (abs)        007F


MODULE INFORMATION

Module		Function		Class		Link	Load	Size
/home/krubro/MPLABProjects/Car_Black_Box/timer.c
		_reset_timeout_tick		CODE           	1A67	0000	7
		_reset_blink_tick		CODE           	1A35	0000	2
		_init_timers   		CODE           	1B4B	0000	22
		_isr           		CODE           	1CF2	0000	36

/home/krubro/MPLABProjects/Car_Black_Box/timer.c estimated size: 67

/home/krubro/MPLABProjects/Car_Black_Box/login.c
		_login_reset   		CODE           	1B0B	0000	21
		_login_load_password		CODE           	119D	0000	107
		_login_render  		CODE           	0E58	0000	424
		_login_update  		CODE           	0864	0000	282
		_login_set_password		CODE           	1B20	0000	21
		_is_logged_in  		CODE           	1A3C	0000	3
		_pass_match    		CODE           	1BDD	0000	28
		_do_logout     		CODE           	1A98	0000	9

/home/krubro/MPLABProjects/Car_Black_Box/login.c estimated size: 895

/opt/microchip/xc8/v3.10/pic/sources/c99/common/lbdiv.c
		___lbdiv       		CODE           	1C70	0000	31

/opt/microchip/xc8/v3.10/pic/sources/c99/common/lbdiv.c estimated size: 31

/home/krubro/MPLABProjects/Car_Black_Box/main.c
		_log_entry_from_sys		CODE           	109B	0000	83
		_main          		CODE           	0D13	0000	325
		_init_config   		CODE           	1F14	0000	56

/home/krubro/MPLABProjects/Car_Black_Box/main.c estimated size: 464

/home/krubro/MPLABProjects/Car_Black_Box/state.c
		_set_status    		CODE           	1F86	0000	59
		_get_status    		CODE           	1A39	0000	3

/home/krubro/MPLABProjects/Car_Black_Box/state.c estimated size: 62

/opt/microchip/xc8/v3.10/pic/sources/c99/common/lwmod.c
		___lwmod       		CODE           	1DE9	0000	48

/opt/microchip/xc8/v3.10/pic/sources/c99/common/lwmod.c estimated size: 48

/home/krubro/MPLABProjects/Car_Black_Box/view_logs.c
		_view_logs_update		CODE           	1208	0000	110
		_view_logs_render		CODE           	0AA0	0000	313
		_print_two_digits		CODE           	1CCF	0000	35
		_gear_label    		CODE           	1015	0000	66
		_view_logs_reset		CODE           	1A54	0000	6
		_clear_logs    		CODE           	1D64	0000	43
		_download_logs 		CODE           	0BD9	0000	314

/home/krubro/MPLABProjects/Car_Black_Box/view_logs.c estimated size: 887

/home/krubro/MPLABProjects/Car_Black_Box/eeprom.c
		_read_count    		CODE           	1A6E	0000	8
		_eeprom_write_log		CODE           	1145	0000	88
		_eeprom_clear_log		CODE           	1BA8	0000	25
		_eeprom_read_byte		CODE           	1057	0000	68
		_eeprom_write_byte		CODE           	1E19	0000	49
		_get_device_addr		CODE           	1AAA	0000	15
		_bcd_to_ascii  		CODE           	1B78	0000	23
		_eeprom_read_log		CODE           	1276	0000	123
		_write_slot    		CODE           	13A9	0000	190
		_speed_to_ascii		CODE           	1DBB	0000	46
		_ack_poll      		CODE           	1D3B	0000	41
		_read_head     		CODE           	1A60	0000	7
		_eeprom_get_entry_count		CODE           	1B61	0000	23

/home/krubro/MPLABProjects/Car_Black_Box/eeprom.c estimated size: 706

/home/krubro/MPLABProjects/Car_Black_Box/dashboard.c
		_dashboard_update		CODE           	12F1	0000	184
		_dashboard_render		CODE           	1467	0000	207
		_invalidate_dashboard_cache		CODE           	1A8F	0000	9

/home/krubro/MPLABProjects/Car_Black_Box/dashboard.c estimated size: 400

/opt/microchip/xc8/v3.10/pic/sources/c99/common/Umul16.c
		___wmul        		CODE           	1CAE	0000	33

/opt/microchip/xc8/v3.10/pic/sources/c99/common/Umul16.c estimated size: 33

/home/krubro/MPLABProjects/Car_Black_Box/set_time.c
		_bcd_to_dec    		CODE           	1000	0000	21
		_dec_to_bcd    		CODE           	1BF9	0000	29
		_set_time_update		CODE           	097E	0000	290
		_set_time_render		CODE           	0768	0000	136
		_set_time_reset		CODE           	1C16	0000	29

/home/krubro/MPLABProjects/Car_Black_Box/set_time.c estimated size: 505

shared
		__stringtab    		STRCODE        	0100	0000	18
		_default_pass  		STRCODE        	013F	0000	4
		_labels        		STRCODE        	0122	0000	12
		__initialization		CODE           	000F	0000	71
		_gear_labels   		STRCODE        	012E	0000	12
		_lockout_durations		STRCODE        	0143	0000	4
		_state_names   		STRCODE        	0112	0000	16
		_field_max     		STRCODE        	0147	0000	3
		_destinations  		STRCODE        	013A	0000	5

shared estimated size: 145

/home/krubro/MPLABProjects/Car_Black_Box/set_password.c
		_set_password_reset		CODE           	1AE8	0000	17
		_set_password_update		CODE           	1619	0000	241
		_set_password_render		CODE           	170A	0000	246

/home/krubro/MPLABProjects/Car_Black_Box/set_password.c estimated size: 504

/opt/microchip/xc8/v3.10/pic/sources/c99/common/lwdiv.c
		___lwdiv       		CODE           	1F4C	0000	58

/opt/microchip/xc8/v3.10/pic/sources/c99/common/lwdiv.c estimated size: 58

/opt/microchip/xc8/v3.10/pic/sources/c99/common/lbmod.c
		___lbmod       		CODE           	1C8F	0000	31

/opt/microchip/xc8/v3.10/pic/sources/c99/common/lbmod.c estimated size: 31

/home/krubro/MPLABProjects/Car_Black_Box/menu.c
		_menu_reset    		CODE           	1AA1	0000	9
		_menu_render   		CODE           	005A	0000	124
		_menu_update   		CODE           	1536	0000	227

/home/krubro/MPLABProjects/Car_Black_Box/menu.c estimated size: 360

/opt/microchip/xc8/v3.10/pic/sources/c99/common/Umul8.c
		___bmul        		CODE           	07F0	0000	15

/opt/microchip/xc8/v3.10/pic/sources/c99/common/Umul8.c estimated size: 15

/home/krubro/MPLABProjects/Car_Black_Box/blackbox_drivers.c
		_clcd_clear    		CODE           	1AD7	0000	17
		_clcd_write    		CODE           	1C51	0000	31
		_i2c_start     		CODE           	1A3F	0000	5
		_ds1307_i2c_read		CODE           	00D6	0000	41
		_i2c_repeat_start		CODE           	1A49	0000	5
		_init_rtc      		CODE           	1AC8	0000	15
		_initUART      		CODE           	1E7B	0000	50
		_clcd_print    		CODE           	1D8F	0000	44
		_i2c_write     		CODE           	1B8F	0000	25
		_uart_puts     		CODE           	1EAD	0000	51
		_clcd_putch    		CODE           	1AB9	0000	15
		_init_display_controller		CODE           	10EE	0000	87
		_initADC       		CODE           	1AF9	0000	18
		_uart_putchar  		CODE           	1A4E	0000	6
		_read_adc      		CODE           	1B35	0000	22
		_i2c_stop      		CODE           	1A44	0000	5
		_init_clcd     		CODE           	1A76	0000	8
		_ds1307_i2c_write		CODE           	1C33	0000	30
		_i2c_read      		CODE           	1BC1	0000	28
		_init_digital_keypad		CODE           	1A7E	0000	8
		_initI2C       		CODE           	1E4A	0000	49
		_i2c_wait_for_idle		CODE           	1A86	0000	9
		_read_digital_keypad		CODE           	1EE0	0000	52

/home/krubro/MPLABProjects/Car_Black_Box/blackbox_drivers.c estimated size: 621

/opt/microchip/xc8/v3.10/pic/sources/c99/common/Umul32.c
		___lmul        		CODE           	1FC1	0000	63

/opt/microchip/xc8/v3.10/pic/sources/c99/common/Umul32.c estimated size: 63

/opt/microchip/xc8/v3.10/pic/sources/c99/common/__lldiv.c
		___lldiv       		CODE           	0808	0000	92

/opt/microchip/xc8/v3.10/pic/sources/c99/common/__lldiv.c estimated size: 92

/home/krubro/MPLABProjects/Car_Black_Box/events.c
		_translate_key 		CODE           	1D16	0000	37

/home/krubro/MPLABProjects/Car_Black_Box/events.c estimated size: 37

